OpenJDK 64-Bit Server VM (25.242-b08) for linux-amd64 JRE (1.8.0_242-8u242-b08-0ubuntu3~19.10-b08), built on Jan 17 2020 23:41:21 by "buildd" with gcc 8.3.0
Memory: 4k page, physical 7929220k(546428k free), swap 6035964k(5634044k free)
CommandLine flags: -XX:+ExplicitGCInvokesConcurrent -XX:GCLogFileSize=104857600 -XX:InitialHeapSize=1073741824 -XX:InitiatingHeapOccupancyPercent=35 -XX:+ManagementServer -XX:MaxGCPauseMillis=20 -XX:MaxHeapSize=1073741824 -XX:NumberOfGCLogFiles=10 -XX:+PrintGC -XX:+PrintGCDateStamps -XX:+PrintGCDetails -XX:+PrintGCTimeStamps -XX:+UseCompressedClassPointers -XX:+UseCompressedOops -XX:+UseG1GC -XX:+UseGCLogFileRotation 
2020-04-18T14:33:43.355+0100: 1,034: [GC pause (G1 Evacuation Pause) (young), 0,0132124 secs]
   [Parallel Time: 5,9 ms, GC Workers: 8]
      [GC Worker Start (ms): Min: 1033,7, Avg: 1033,9, Max: 1034,0, Diff: 0,2]
      [Ext Root Scanning (ms): Min: 0,2, Avg: 0,5, Max: 1,4, Diff: 1,3, Sum: 4,0]
      [Update RS (ms): Min: 0,0, Avg: 0,0, Max: 0,0, Diff: 0,0, Sum: 0,0]
         [Processed Buffers: Min: 0, Avg: 0,0, Max: 0, Diff: 0, Sum: 0]
      [Scan RS (ms): Min: 0,0, Avg: 0,0, Max: 0,0, Diff: 0,0, Sum: 0,1]
      [Code Root Scanning (ms): Min: 0,0, Avg: 1,1, Max: 4,6, Diff: 4,6, Sum: 9,0]
      [Object Copy (ms): Min: 0,3, Avg: 2,6, Max: 3,6, Diff: 3,4, Sum: 20,6]
      [Termination (ms): Min: 0,0, Avg: 1,2, Max: 1,5, Diff: 1,5, Sum: 9,3]
         [Termination Attempts: Min: 1, Avg: 36,1, Max: 57, Diff: 56, Sum: 289]
      [GC Worker Other (ms): Min: 0,0, Avg: 0,0, Max: 0,0, Diff: 0,0, Sum: 0,1]
      [GC Worker Total (ms): Min: 5,2, Avg: 5,4, Max: 5,6, Diff: 0,4, Sum: 43,1]
      [GC Worker End (ms): Min: 1039,1, Avg: 1039,2, Max: 1039,4, Diff: 0,3]
   [Code Root Fixup: 0,0 ms]
   [Code Root Purge: 0,0 ms]
   [Clear CT: 0,5 ms]
   [Other: 6,8 ms]
      [Choose CSet: 0,0 ms]
      [Ref Proc: 6,0 ms]
      [Ref Enq: 0,0 ms]
      [Redirty Cards: 0,5 ms]
      [Humongous Register: 0,0 ms]
      [Humongous Reclaim: 0,0 ms]
      [Free CSet: 0,1 ms]
   [Eden: 52224,0K(52224,0K)->0,0B(45056,0K) Survivors: 0,0B->7168,0K Heap: 52224,0K(1024,0M)->8413,0K(1024,0M)]
 [Times: user=0,04 sys=0,01, real=0,01 secs] 
2020-04-18T14:33:43.589+0100: 1,268: [GC pause (Metadata GC Threshold) (young) (initial-mark), 0,0136615 secs]
   [Parallel Time: 8,7 ms, GC Workers: 8]
      [GC Worker Start (ms): Min: 1267,7, Avg: 1267,8, Max: 1268,1, Diff: 0,5]
      [Ext Root Scanning (ms): Min: 0,5, Avg: 1,2, Max: 4,3, Diff: 3,7, Sum: 9,5]
      [Update RS (ms): Min: 0,0, Avg: 0,0, Max: 0,1, Diff: 0,1, Sum: 0,1]
         [Processed Buffers: Min: 0, Avg: 0,1, Max: 1, Diff: 1, Sum: 1]
      [Scan RS (ms): Min: 0,0, Avg: 0,0, Max: 0,0, Diff: 0,0, Sum: 0,0]
      [Code Root Scanning (ms): Min: 0,0, Avg: 0,5, Max: 3,1, Diff: 3,1, Sum: 3,9]
      [Object Copy (ms): Min: 0,0, Avg: 1,8, Max: 2,6, Diff: 2,6, Sum: 14,0]
      [Termination (ms): Min: 0,0, Avg: 1,8, Max: 5,0, Diff: 5,0, Sum: 14,6]
         [Termination Attempts: Min: 1, Avg: 2,1, Max: 4, Diff: 3, Sum: 17]
      [GC Worker Other (ms): Min: 0,0, Avg: 0,0, Max: 0,0, Diff: 0,0, Sum: 0,1]
      [GC Worker Total (ms): Min: 4,2, Avg: 5,3, Max: 8,1, Diff: 3,9, Sum: 42,2]
      [GC Worker End (ms): Min: 1272,0, Avg: 1273,1, Max: 1276,3, Diff: 4,2]
   [Code Root Fixup: 0,0 ms]
   [Code Root Purge: 0,0 ms]
   [Clear CT: 0,5 ms]
   [Other: 4,5 ms]
      [Choose CSet: 0,0 ms]
      [Ref Proc: 3,7 ms]
      [Ref Enq: 0,0 ms]
      [Redirty Cards: 0,5 ms]
      [Humongous Register: 0,0 ms]
      [Humongous Reclaim: 0,0 ms]
      [Free CSet: 0,0 ms]
   [Eden: 23552,0K(45056,0K)->0,0B(45056,0K) Survivors: 7168,0K->7168,0K Heap: 31965,0K(1024,0M)->11207,5K(1024,0M)]
 [Times: user=0,04 sys=0,00, real=0,01 secs] 
2020-04-18T14:33:43.603+0100: 1,281: [GC concurrent-root-region-scan-start]
2020-04-18T14:33:43.606+0100: 1,284: [GC concurrent-root-region-scan-end, 0,0024167 secs]
2020-04-18T14:33:43.606+0100: 1,284: [GC concurrent-mark-start]
2020-04-18T14:33:43.606+0100: 1,284: [GC concurrent-mark-end, 0,0006273 secs]
2020-04-18T14:33:43.607+0100: 1,285: [GC remark 2020-04-18T14:33:43.607+0100: 1,285: [Finalize Marking, 0,0015914 secs] 2020-04-18T14:33:43.609+0100: 1,287: [GC ref-proc, 0,0003481 secs] 2020-04-18T14:33:43.609+0100: 1,287: [Unloading, 0,0023559 secs], 0,0046417 secs]
 [Times: user=0,03 sys=0,00, real=0,01 secs] 
2020-04-18T14:33:43.612+0100: 1,290: [GC cleanup 11719K->10695K(1024M), 0,0007888 secs]
 [Times: user=0,00 sys=0,00, real=0,00 secs] 
2020-04-18T14:33:43.613+0100: 1,291: [GC concurrent-cleanup-start]
2020-04-18T14:33:43.613+0100: 1,291: [GC concurrent-cleanup-end, 0,0000082 secs]
2020-04-18T14:33:44.302+0100: 1,980: [GC pause (G1 Evacuation Pause) (young), 0,0186380 secs]
   [Parallel Time: 9,1 ms, GC Workers: 8]
      [GC Worker Start (ms): Min: 1980,3, Avg: 1980,4, Max: 1980,4, Diff: 0,2]
      [Ext Root Scanning (ms): Min: 0,2, Avg: 1,7, Max: 8,3, Diff: 8,1, Sum: 13,6]
      [Update RS (ms): Min: 0,0, Avg: 0,1, Max: 0,2, Diff: 0,2, Sum: 0,5]
         [Processed Buffers: Min: 0, Avg: 0,4, Max: 1, Diff: 1, Sum: 3]
      [Scan RS (ms): Min: 0,0, Avg: 0,0, Max: 0,0, Diff: 0,0, Sum: 0,1]
      [Code Root Scanning (ms): Min: 0,0, Avg: 1,7, Max: 7,8, Diff: 7,8, Sum: 13,3]
      [Object Copy (ms): Min: 0,0, Avg: 4,2, Max: 6,8, Diff: 6,8, Sum: 33,8]
      [Termination (ms): Min: 0,0, Avg: 0,9, Max: 1,5, Diff: 1,5, Sum: 7,3]
         [Termination Attempts: Min: 1, Avg: 60,9, Max: 114, Diff: 113, Sum: 487]
      [GC Worker Other (ms): Min: 0,0, Avg: 0,0, Max: 0,0, Diff: 0,0, Sum: 0,1]
      [GC Worker Total (ms): Min: 8,4, Avg: 8,6, Max: 8,9, Diff: 0,5, Sum: 68,5]
      [GC Worker End (ms): Min: 1988,8, Avg: 1988,9, Max: 1989,3, Diff: 0,5]
   [Code Root Fixup: 0,2 ms]
   [Code Root Purge: 0,0 ms]
   [Clear CT: 0,7 ms]
   [Other: 8,6 ms]
      [Choose CSet: 0,0 ms]
      [Ref Proc: 7,5 ms]
      [Ref Enq: 0,0 ms]
      [Redirty Cards: 0,5 ms]
      [Humongous Register: 0,0 ms]
      [Humongous Reclaim: 0,1 ms]
      [Free CSet: 0,2 ms]
   [Eden: 45056,0K(45056,0K)->0,0B(45056,0K) Survivors: 7168,0K->7168,0K Heap: 181,9M(1024,0M)->144,3M(1024,0M)]
 [Times: user=0,07 sys=0,00, real=0,02 secs] 
2020-04-18T14:33:44.872+0100: 2,551: [GC pause (G1 Evacuation Pause) (young), 0,0070827 secs]
   [Parallel Time: 4,2 ms, GC Workers: 8]
      [GC Worker Start (ms): Min: 2550,7, Avg: 2550,8, Max: 2550,8, Diff: 0,2]
      [Ext Root Scanning (ms): Min: 0,4, Avg: 0,6, Max: 1,4, Diff: 1,1, Sum: 4,9]
      [Update RS (ms): Min: 0,0, Avg: 0,3, Max: 0,7, Diff: 0,7, Sum: 2,2]
         [Processed Buffers: Min: 0, Avg: 2,6, Max: 6, Diff: 6, Sum: 21]
      [Scan RS (ms): Min: 0,0, Avg: 0,1, Max: 0,2, Diff: 0,2, Sum: 0,9]
      [Code Root Scanning (ms): Min: 0,0, Avg: 0,3, Max: 1,7, Diff: 1,7, Sum: 2,1]
      [Object Copy (ms): Min: 1,6, Avg: 2,7, Max: 3,0, Diff: 1,4, Sum: 21,9]
      [Termination (ms): Min: 0,0, Avg: 0,0, Max: 0,0, Diff: 0,0, Sum: 0,0]
         [Termination Attempts: Min: 1, Avg: 10,4, Max: 14, Diff: 13, Sum: 83]
      [GC Worker Other (ms): Min: 0,0, Avg: 0,0, Max: 0,0, Diff: 0,0, Sum: 0,1]
      [GC Worker Total (ms): Min: 3,9, Avg: 4,0, Max: 4,1, Diff: 0,2, Sum: 32,1]
      [GC Worker End (ms): Min: 2554,8, Avg: 2554,8, Max: 2554,8, Diff: 0,0]
   [Code Root Fixup: 0,0 ms]
   [Code Root Purge: 0,0 ms]
   [Clear CT: 0,1 ms]
   [Other: 2,8 ms]
      [Choose CSet: 0,0 ms]
      [Ref Proc: 2,4 ms]
      [Ref Enq: 0,0 ms]
      [Redirty Cards: 0,2 ms]
      [Humongous Register: 0,0 ms]
      [Humongous Reclaim: 0,0 ms]
      [Free CSet: 0,0 ms]
   [Eden: 45056,0K(45056,0K)->0,0B(45056,0K) Survivors: 7168,0K->7168,0K Heap: 188,3M(1024,0M)->149,5M(1024,0M)]
 [Times: user=0,03 sys=0,00, 2020-04-18T14:34:202020-04-18T14:34:42.727+0100: 75,447: [GC pause (Metadata GC Threshold) (young) (initial-mark), 0,0122907 secs]
   [Parallel Time: 8,5 ms, GC Workers: 8]
      [GC Worker Start (ms): Min: 75447,1, Avg: 75447,4, Max: 75447,8, Diff: 0,7]
      [Ext Root Scanning (ms): Min: 0,8, Avg: 2,0, Max: 4,5, Diff: 3,6, Sum: 15,7]
      [Update RS (ms): Min: 0,0, Avg: 0,3, Max: 0,5, Diff: 0,5, Sum: 2,3]
         [Processed Buffers: Min: 0, Avg: 3,0, Max: 8, Diff: 8, Sum: 24]
      [Scan RS (ms): Min: 0,0, Avg: 0,1, Max: 0,2, Diff: 0,2, Sum: 0,9]
      [Code Root Scanning (ms): Min: 0,0, Avg: 0,7, Max: 5,3, Diff: 5,3, Sum: 5,8]
      [Object Copy (ms): Min: 0,0, Avg: 3,7, Max: 5,8, Diff: 5,8, Sum: 29,8]
      [Termination (ms): Min: 0,0, Avg: 1,2, Max: 1,6, Diff: 1,6, Sum: 9,9]
         [Termination Attempts: Min: 1, Avg: 9,6, Max: 18, Diff: 17, Sum: 77]
      [GC Worker Other (ms): Min: 0,0, Avg: 0,0, Max: 0,0, Diff: 0,0, Sum: 0,1]
      [GC Worker Total (ms): Min: 7,6, Avg: 8,1, Max: 8,3, Diff: 0,7, Sum: 64,5]
      [GC Worker End (ms): Min: 75455,4, Avg: 75455,4, Max: 75455,5, Diff: 0,1]
   [Code Root Fixup: 0,0 ms]
   [Code Root Purge: 0,0 ms]
   [Clear CT: 0,1 ms]
   [Other: 3,6 ms]
      [Choose CSet: 0,0 ms]
      [Ref Proc: 3,1 ms]
      [Ref Enq: 0,0 ms]
      [Redirty Cards: 0,2 ms]
      [Humongous Register: 0,0 ms]
      [Humongous Reclaim: 0,0 ms]
      [Free CSet: 0,0 ms]
   [Eden: 11264,0K(45056,0K)->0,0B(45056,0K) Survivors: 7168,0K->7168,0K Heap: 159,7M(1024,0M)->153,0M(1024,0M)]
 [Times: user=0,07 sys=0,00, real=0,02 secs] 
2020-04-18T14:34:42.742+0100: 75,462: [GC concurrent-root-region-scan-start]
2020-04-18T14:34:42.748+0100: 75,469: [GC concurrent-root-region-scan-end, 0,0065841 secs]
2020-04-18T14:34:42.748+0100: 75,469: [GC concurrent-mark-start]
2020-04-18T14:34:42.763+0100: 75,483: [GC concurrent-mark-end, 0,0143190 secs]
2020-04-18T14:34:42.763+0100: 75,483: [GC remark 2020-04-18T14:34:42.763+0100: 75,483: [Finalize Marking, 0,0080641 secs] 2020-04-18T14:34:42.771+0100: 75,492: [GC ref-proc, 0,0006802 secs] 2020-04-18T14:34:42.772+0100: 75,492: [Unloading, 0,0051832 secs], 0,0155395 secs]
 [Times: user=0,05 sys=0,00, real=0,02 secs] 
2020-04-18T14:34:42.779+0100: 75,499: [GC cleanup 153M->147M(1024M), 0,0011126 secs]
 [Times: user=0,00 sys=0,00, rea2020-04-18T14:2020-04-18T14:34:42.780+0100: 75,501: [GC concurrent-cleanup-start]
2020-04-18T14:34:42.780+0100: 75,501: [GC concurrent-cleanup-end, 0,0000141 secs]
2020-04-18T14:35:51.607+0100: 144,327: [GC pause (G1 Evacuation Pause) (young), 0,0321540 secs]
   [Parallel Time: 18,3 ms, GC Workers: 8]
      [GC Worker Start (ms): Min: 144327,2, Avg: 144327,4, Max: 144327,6, Diff: 0,5]
      [Ext Root Scanning (ms): Min: 0,8, Avg: 1,4, Max: 3,6, Diff: 2,9, Sum: 10,9]
      [Update RS (ms): Min: 0,0, Avg: 1,5, Max: 2,6, Diff: 2,6, Sum: 11,6]
         [Processed Buffers: Min: 0, Avg: 5,6, Max: 16, Diff: 16, Sum: 45]
      [Scan RS (ms): Min: 0,1, Avg: 0,7, Max: 1,4, Diff: 1,3, Sum: 5,8]
      [Code Root Scanning (ms): Min: 0,0, Avg: 0,7, Max: 1,6, Diff: 1,6, Sum: 5,8]
      [Object Copy (ms): Min: 11,4, Avg: 11,9, Max: 12,6, Diff: 1,2, Sum: 95,2]
      [Termination (ms): Min: 0,1, Avg: 0,8, Max: 1,4, Diff: 1,3, Sum: 6,6]
         [Termination Attempts: Min: 1, Avg: 11,2, Max: 17, Diff: 16, Sum: 90]
      [GC Worker Other (ms): Min: 0,0, Avg: 0,0, Max: 0,0, Diff: 0,0, Sum: 0,2]
      [GC Worker Total (ms): Min: 16,7, Avg: 17,0, Max: 17,5, Diff: 0,8, Sum: 136,1]
      [GC Worker End (ms): Min: 144344,1, Avg: 144344,4, Max: 144344,9, Diff: 0,7]
   [Code Root Fixup: 0,1 ms]
   [Code Root Purge: 0,1 ms]
   [Clear CT: 0,9 ms]
   [Other: 12,7 ms]
      [Choose CSet: 0,0 ms]
      [Ref Proc: 11,4 ms]
      [Ref Enq: 0,1 ms]
      [Redirty Cards: 0,6 ms]
      [Humongous Register: 0,1 ms]
      [Humongous Reclaim: 0,0 ms]
      [Free CSet: 0,2 ms]
   [Eden: 45056,0K(45056,0K)->0,0B(45056,0K) Survivors: 7168,0K->7168,0K Heap: 191,0M(1024,0M)->150,2M(1024,0M)]
 [Times: user=0,17 sys=0,01, real=0,04 secs] 
2020-04-18T14:36:31.608+0100: 184,328: [GC pause (G1 Evacuation Pause) (young), 0,0414265 secs]
   [Parallel Time: 25,3 ms, GC Workers: 8]
      [GC Worker Start (ms): Min: 184328,4, Avg: 184331,6, Max: 184333,8, Diff: 5,4]
      [Ext Root Scanning (ms): Min: 0,0, Avg: 1,2, Max: 6,7, Diff: 6,7, Sum: 9,4]
      [Update RS (ms): Min: 0,0, Avg: 0,7, Max: 2,3, Diff: 2,3, Sum: 5,7]
         [Processed Buffers: Min: 0, Avg: 4,2, Max: 13, Diff: 13, Sum: 34]
      [Scan RS (ms): Min: 0,0, Avg: 1,6, Max: 6,0, Diff: 6,0, Sum: 13,2]
      [Code Root Scanning (ms): Min: 0,0, Avg: 1,6, Max: 11,1, Diff: 11,1, Sum: 13,1]
      [Object Copy (ms): Min: 0,4, Avg: 7,0, Max: 13,1, Diff: 12,7, Sum: 56,0]
      [Termination (ms): Min: 0,0, Avg: 5,0, Max: 9,8, Diff: 9,8, Sum: 39,9]
         [Termination Attempts: Min: 1, Avg: 7,4, Max: 18, Diff: 17, Sum: 59]
      [GC Worker Other (ms): Min: 0,0, Avg: 0,0, Max: 0,0, Diff: 0,0, Sum: 0,1]
      [GC Worker Total (ms): Min: 13,2, Avg: 17,2, Max: 22,8, Diff: 9,5, Sum: 137,5]
      [GC Worker End (ms): Min: 184347,0, Avg: 184348,8, Max: 184352,7, Diff: 5,7]
   [Code Root Fixup: 0,1 ms]
   [Code Root Purge: 0,0 ms]
   [Clear CT: 6,4 ms]
   [Other: 9,6 ms]
      [Choose CSet: 0,0 ms]
      [Ref Proc: 8,9 ms]
      [Ref Enq: 0,0 ms]
      [Redirty Cards: 0,1 ms]
      [Humongous Register: 0,1 ms]
      [Humongous Reclaim: 0,1 ms]
      [Free CSet: 0,2 ms]
   [Eden: 45056,0K(45056,0K)->0,0B(45056,0K) Survivors: 7168,0K->7168,0K Heap: 194,2M(1024,0M)->153,7M(1024,0M)]
 [Times: user=0,08 sys=0,00, real=0,04 secs] 
2020-04-18T14:37:02.822+0100: 215,542: [GC pause (G1 Evacuation Pause) (young), 0,0421754 secs]
   [Parallel Time: 17,6 ms, GC Workers: 8]
      [GC Worker Start (ms): Min: 215542,5, Avg: 215549,5, Max: 215552,2, Diff: 9,6]
      [Ext Root Scanning (ms): Min: 0,0, Avg: 0,7, Max: 3,9, Diff: 3,9, Sum: 5,9]
      [Update RS (ms): Min: 0,0, Avg: 1,1, Max: 4,9, Diff: 4,9, Sum: 8,6]
         [Processed Buffers: Min: 0, Avg: 6,2, Max: 45, Diff: 45, Sum: 50]
      [Scan RS (ms): Min: 0,1, Avg: 1,3, Max: 7,9, Diff: 7,8, Sum: 10,5]
      [Code Root Scanning (ms): Min: 0,0, Avg: 0,4, Max: 1,4, Diff: 1,4, Sum: 2,9]
      [Object Copy (ms): Min: 0,7, Avg: 4,2, Max: 5,3, Diff: 4,6, Sum: 33,8]
      [Termination (ms): Min: 0,0, Avg: 1,1, Max: 2,9, Diff: 2,9, Sum: 9,2]
         [Termination Attempts: Min: 1, Avg: 37,0, Max: 51, Diff: 50, Sum: 296]
      [GC Worker Other (ms): Min: 0,0, Avg: 0,0, Max: 0,0, Diff: 0,0, Sum: 0,1]
      [GC Worker Total (ms): Min: 5,9, Avg: 8,9, Max: 17,5, Diff: 11,6, Sum: 71,0]
      [GC Worker End (ms): Min: 215558,1, Avg: 215558,4, Max: 215560,0, Diff: 1,9]
   [Code Root Fixup: 0,1 ms]
   [Code Root Purge: 0,0 ms]
   [Clear CT: 3,4 ms]
   [Other: 21,1 ms]
      [Choose CSet: 0,0 ms]
      [Ref Proc: 17,1 ms]
      [Ref Enq: 0,0 ms]
      [Redirty Cards: 3,3 ms]
      [Humongous Register: 0,1 ms]
      [Humongous Reclaim: 0,1 ms]
      [Free CSet: 0,1 ms]
   [Eden: 45056,0K(45056,0K)->0,0B(45056,0K) Survivors: 7168,0K->7168,0K Heap: 197,7M(1024,0M)->156,9M(1024,0M)]
 [Times: user=0,09 sys=0,01, real=0,04 secs] 
2020-04-18T14:37:49.617+0100: 262,337: [GC pause (G1 Evacuation Pause) (young), 0,0217785 secs]
   [Parallel Time: 15,6 ms, GC Workers: 8]
      [GC Worker Start (ms): Min: 262337,1, Avg: 262337,4, Max: 262337,6, Diff: 0,4]
      [Ext Root Scanning (ms): Min: 0,8, Avg: 1,2, Max: 3,0, Diff: 2,2, Sum: 9,8]
      [Update RS (ms): Min: 1,1, Avg: 2,1, Max: 2,4, Diff: 1,3, Sum: 16,7]
         [Processed Buffers: Min: 1, Avg: 6,4, Max: 10, Diff: 9, Sum: 51]
      [Scan RS (ms): Min: 0,5, Avg: 0,7, Max: 0,9, Diff: 0,4, Sum: 5,3]
      [Code Root Scanning (ms): Min: 0,0, Avg: 0,8, Max: 3,6, Diff: 3,6, Sum: 6,5]
      [Object Copy (ms): Min: 6,8, Avg: 9,5, Max: 10,5, Diff: 3,7, Sum: 76,3]
      [Termination (ms): Min: 0,0, Avg: 0,6, Max: 0,8, Diff: 0,8, Sum: 4,7]
         [Termination Attempts: Min: 1, Avg: 1,2, Max: 2, Diff: 1, Sum: 10]
      [GC Worker Other (ms): Min: 0,0, Avg: 0,0, Max: 0,0, Diff: 0,0, Sum: 0,2]
      [GC Worker Total (ms): Min: 14,5, Avg: 14,9, Max: 15,3, Diff: 0,8, Sum: 119,5]
      [GC Worker End (ms): Min: 262352,0, Avg: 262352,3, Max: 262352,5, Diff: 0,4]
   [Code Root Fixup: 0,1 ms]
   [Code Root Purge: 0,0 ms]
   [Clear CT: 0,7 ms]
   [Other: 5,4 ms]
      [Choose CSet: 0,0 ms]
      [Ref Proc: 3,9 ms]
      [Ref Enq: 0,0 ms]
      [Redirty Cards: 0,7 ms]
      [Humongous Register: 0,1 ms]
      [Humongous Reclaim: 0,0 ms]
      [Free CSet: 0,1 ms]
   [Eden: 45056,0K(45056,0K)->0,0B(49152,0K) Survivors: 7168,0K->3072,0K Heap: 200,9M(1024,0M)->155,4M(1024,0M)]
 [Times: user=0,11 sys=0,02, real=0,02 secs] 
2020-04-18T14:39:52020-04-18T14:39:54.910+0100: 377,601: [GC pause (G1 Evacuation Pause) (young), 0,0170026 secs]
   [Parallel Time: 14,1 ms, GC Workers: 8]
      [GC Worker Start (ms): Min: 377601,0, Avg: 377601,1, Max: 377601,3, Diff: 0,3]
      [Ext Root Scanning (ms): Min: 0,5, Avg: 1,7, Max: 8,5, Diff: 8,0, Sum: 13,7]
      [Update RS (ms): Min: 0,0, Avg: 0,8, Max: 0,9, Diff: 0,9, Sum: 6,0]
         [Processed Buffers: Min: 0, Avg: 6,1, Max: 14, Diff: 14, Sum: 49]
      [Scan RS (ms): Min: 0,0, Avg: 0,0, Max: 0,0, Diff: 0,0, Sum: 0,1]
      [Code Root Scanning (ms): Min: 0,0, Avg: 0,1, Max: 0,6, Diff: 0,6, Sum: 0,8]
      [Object Copy (ms): Min: 1,1, Avg: 7,5, Max: 11,9, Diff: 10,8, Sum: 60,0]
      [Termination (ms): Min: 0,0, Avg: 3,5, Max: 4,3, Diff: 4,3, Sum: 28,1]
         [Termination Attempts: Min: 1, Avg: 3,5, Max: 6, Diff: 5, Sum: 28]
      [GC Worker Other (ms): Min: 0,0, Avg: 0,0, Max: 0,0, Diff: 0,0, Sum: 0,1]
      [GC Worker Total (ms): Min: 13,3, Avg: 13,6, Max: 13,9, Diff: 0,6, Sum: 108,8]
      [GC Worker End (ms): Min: 377614,6, Avg: 377614,7, Max: 377615,0, Diff: 0,4]
   [Code Root Fixup: 0,0 ms]
   [Code Root Purge: 0,0 ms]
   [Clear CT: 0,1 ms]
   [Other: 2,8 ms]
      [Choose CSet: 0,0 ms]
      [Ref Proc: 2,2 ms]
      [Ref Enq: 0,0 ms]
      [Redirty Cards: 0,1 ms]
      [Humongous Register: 0,1 ms]
      [Humongous Reclaim: 0,0 ms]
      [Free CSet: 0,0 ms]
   [Eden: 48128,0K(48128,0K)->0,0B(45056,0K) Survivors: 4096,0K->7168,0K Heap: 200,8M(1024,0M)->158,2M(1024,0M)]
 [Times: user=0,09 sys=0,00,2020-04-18T14:41:22020-04-18T14:41:36.493+0100: 479,183: [GC pause (G1 Evacuation Pause) (young), 0,0130990 secs]
   [Parallel Time: 8,3 ms, GC Workers: 8]
      [GC Worker Start (ms): Min: 479183,2, Avg: 479183,6, Max: 479184,6, Diff: 1,4]
      [Ext Root Scanning (ms): Min: 0,0, Avg: 1,4, Max: 8,1, Diff: 8,1, Sum: 11,0]
      [Update RS (ms): Min: 0,0, Avg: 0,4, Max: 0,7, Diff: 0,7, Sum: 3,0]
         [Processed Buffers: Min: 0, Avg: 6,1, Max: 26, Diff: 26, Sum: 49]
      [Scan RS (ms): Min: 0,0, Avg: 0,0, Max: 0,0, Diff: 0,0, Sum: 0,0]
      [Code Root Scanning (ms): Min: 0,0, Avg: 0,8, Max: 5,6, Diff: 5,6, Sum: 6,8]
      [Object Copy (ms): Min: 0,0, Avg: 4,8, Max: 6,7, Diff: 6,7, Sum: 38,1]
      [Termination (ms): Min: 0,0, Avg: 0,4, Max: 0,7, Diff: 0,7, Sum: 3,3]
         [Termination Attempts: Min: 1, Avg: 1,2, Max: 2, Diff: 1, Sum: 10]
      [GC Worker Other (ms): Min: 0,0, Avg: 0,0, Max: 0,0, Diff: 0,0, Sum: 0,1]
      [GC Worker Total (ms): Min: 6,8, Avg: 7,8, Max: 8,2, Diff: 1,4, Sum: 62,4]
      [GC Worker End (ms): Min: 479191,4, Avg: 479191,4, Max: 479191,4, Diff: 0,1]
   [Code Root Fixup: 0,0 ms]
   [Code Root Purge: 0,0 ms]
   [Clear CT: 0,1 ms]
   [Other: 4,7 ms]
      [Choose CSet: 0,0 ms]
      [Ref Proc: 4,2 ms]
      [Ref Enq: 0,0 ms]
      [Redirty Cards: 0,1 ms]
      [Humongous Register: 0,1 ms]
      [Humongous Reclaim: 0,0 ms]
      [Free CSet: 0,0 ms]
   [Eden: 45056,0K(45056,0K)->0,0B(46080,0K) Survivors: 7168,0K->6144,0K Heap: 202,2M(1024,0M)->161,6M(1024,0M)]
 [Times: user=0,07 sys=0,00, real=02020-04-18T2020-04-18T14:44:17.958+0100: 640,648: [GC pause (G1 Evacuation Pause) (young), 0,0259903 secs]
   [Parallel Time: 21,3 ms, GC Workers: 8]
      [GC Worker Start (ms): Min: 640648,6, Avg: 640648,9, Max: 640649,1, Diff: 0,5]
      [Ext Root Scanning (ms): Min: 0,9, Avg: 1,2, Max: 1,7, Diff: 0,8, Sum: 9,4]
      [Update RS (ms): Min: 2,3, Avg: 2,9, Max: 3,8, Diff: 1,5, Sum: 23,5]
         [Processed Buffers: Min: 2, Avg: 7,5, Max: 14, Diff: 12, Sum: 60]
      [Scan RS (ms): Min: 0,5, Avg: 1,3, Max: 1,9, Diff: 1,5, Sum: 10,4]
      [Code Root Scanning (ms): Min: 0,0, Avg: 0,0, Max: 0,0, Diff: 0,0, Sum: 0,0]
      [Object Copy (ms): Min: 15,1, Avg: 15,2, Max: 15,4, Diff: 0,3, Sum: 121,9]
      [Termination (ms): Min: 0,0, Avg: 0,0, Max: 0,0, Diff: 0,0, Sum: 0,1]
         [Termination Attempts: Min: 1, Avg: 1,0, Max: 1, Diff: 0, Sum: 8]
      [GC Worker Other (ms): Min: 0,0, Avg: 0,0, Max: 0,0, Diff: 0,0, Sum: 0,2]
      [GC Worker Total (ms): Min: 20,5, Avg: 20,7, Max: 21,0, Diff: 0,5, Sum: 165,6]
      [GC Worker End (ms): Min: 640669,5, Avg: 640669,6, Max: 640669,6, Diff: 0,0]
   [Code Root Fixup: 0,0 ms]
   [Code Root Purge: 0,0 ms]
   [Clear CT: 1,2 ms]
   [Other: 3,5 ms]
      [Choose CSet: 0,0 ms]
      [Ref Proc: 1,7 ms]
      [Ref Enq: 0,0 ms]
      [Redirty Cards: 1,1 ms]
      [Humongous Register: 0,1 ms]
      [Humongous Reclaim: 0,0 ms]
      [Free CSet: 0,1 ms]
   [Eden: 46080,0K(46080,0K)->0,0B(45056,0K) Survivors: 6144,0K->7168,0K Heap: 206,6M(1024,0M)->165,4M(1024,0M)]
 [Times: user=0,16 sys=0,00, real=02020-04-18T2020-04-18T14:46:56.619+0100: 799,310: [GC pause (G1 Evacuation Pause) (young), 0,0323851 secs]
   [Parallel Time: 28,3 ms, GC Workers: 8]
      [GC Worker Start (ms): Min: 799310,2, Avg: 799310,5, Max: 799310,7, Diff: 0,5]
      [Ext Root Scanning (ms): Min: 0,8, Avg: 1,1, Max: 1,7, Diff: 0,9, Sum: 9,1]
      [Update RS (ms): Min: 1,6, Avg: 1,8, Max: 1,9, Diff: 0,3, Sum: 14,2]
         [Processed Buffers: Min: 1, Avg: 6,9, Max: 18, Diff: 17, Sum: 55]
      [Scan RS (ms): Min: 1,2, Avg: 1,5, Max: 1,7, Diff: 0,5, Sum: 11,6]
      [Code Root Scanning (ms): Min: 0,0, Avg: 0,0, Max: 0,1, Diff: 0,1, Sum: 0,1]
      [Object Copy (ms): Min: 23,0, Avg: 23,4, Max: 23,7, Diff: 0,7, Sum: 187,2]
      [Termination (ms): Min: 0,0, Avg: 0,0, Max: 0,0, Diff: 0,0, Sum: 0,0]
         [Termination Attempts: Min: 1, Avg: 1,1, Max: 2, Diff: 1, Sum: 9]
      [GC Worker Other (ms): Min: 0,0, Avg: 0,0, Max: 0,0, Diff: 0,0, Sum: 0,2]
      [GC Worker Total (ms): Min: 27,6, Avg: 27,8, Max: 28,1, Diff: 0,5, Sum: 222,6]
      [GC Worker End (ms): Min: 799338,3, Avg: 799338,3, Max: 799338,3, Diff: 0,0]
   [Code Root Fixup: 0,0 ms]
   [Code Root Purge: 0,0 ms]
   [Clear CT: 1,3 ms]
   [Other: 2,8 ms]
      [Choose CSet: 0,0 ms]
      [Ref Proc: 0,9 ms]
      [Ref Enq: 0,0 ms]
      [Redirty Cards: 1,0 ms]
      [Humongous Register: 0,1 ms]
      [Humongous Reclaim: 0,0 ms]
      [Free CSet: 0,1 ms]
   [Eden: 45056,0K(45056,0K)->0,0B(45056,0K) Survivors: 7168,0K->7168,0K Heap: 209,4M(1024,0M)->171,2M(1024,0M)]
 [Times: user=0,21 sys=0,02, real=0,03 s2020-02020-04-18T14:49:34.726+0100: 957,417: [GC pause (G1 Evacuation Pause) (young), 0,0254532 secs]
   [Parallel Time: 21,7 ms, GC Workers: 8]
      [GC Worker Start (ms): Min: 957417,1, Avg: 957417,3, Max: 957417,6, Diff: 0,5]
      [Ext Root Scanning (ms): Min: 0,7, Avg: 1,2, Max: 1,8, Diff: 1,0, Sum: 9,4]
      [Update RS (ms): Min: 1,7, Avg: 2,0, Max: 2,3, Diff: 0,5, Sum: 15,8]
         [Processed Buffers: Min: 3, Avg: 6,6, Max: 14, Diff: 11, Sum: 53]
      [Scan RS (ms): Min: 1,1, Avg: 1,5, Max: 1,8, Diff: 0,7, Sum: 12,2]
      [Code Root Scanning (ms): Min: 0,0, Avg: 0,0, Max: 0,1, Diff: 0,1, Sum: 0,1]
      [Object Copy (ms): Min: 16,4, Avg: 16,6, Max: 16,7, Diff: 0,3, Sum: 132,5]
      [Termination (ms): Min: 0,0, Avg: 0,0, Max: 0,0, Diff: 0,0, Sum: 0,0]
         [Termination Attempts: Min: 1, Avg: 2,0, Max: 3, Diff: 2, Sum: 16]
      [GC Worker Other (ms): Min: 0,0, Avg: 0,0, Max: 0,0, Diff: 0,0, Sum: 0,3]
      [GC Worker Total (ms): Min: 21,0, Avg: 21,3, Max: 21,5, Diff: 0,5, Sum: 170,2]
      [GC Worker End (ms): Min: 957438,6, Avg: 957438,6, Max: 957438,6, Diff: 0,0]
   [Code Root Fixup: 0,0 ms]
   [Code Root Purge: 0,0 ms]
   [Clear CT: 1,0 ms]
   [Other: 2,8 ms]
      [Choose CSet: 0,0 ms]
      [Ref Proc: 1,1 ms]
      [Ref Enq: 0,0 ms]
      [Redirty Cards: 0,9 ms]
      [Humongous Register: 0,1 ms]
      [Humongous Reclaim: 0,0 ms]
      [Free CSet: 0,1 ms]
   [Eden: 45056,0K(45056,0K)->0,0B(47104,0K) Survivors: 7168,0K->5120,0K Heap: 215,2M(1024,0M)->174,5M(1024,0M)]
 [Times: user=0,16 sys=0,01, real=0,03 s2020-02020-04-18T14:52:19.837+0100: 1122,527: [GC pause (G1 Evacuation Pause) (young), 0,0240785 secs]
   [Parallel Time: 20,7 ms, GC Workers: 8]
      [GC Worker Start (ms): Min: 1122527,7, Avg: 1122527,9, Max: 1122528,1, Diff: 0,5]
      [Ext Root Scanning (ms): Min: 0,8, Avg: 1,0, Max: 1,5, Diff: 0,7, Sum: 7,9]
      [Update RS (ms): Min: 1,9, Avg: 2,3, Max: 3,0, Diff: 1,1, Sum: 18,6]
         [Processed Buffers: Min: 2, Avg: 6,4, Max: 21, Diff: 19, Sum: 51]
      [Scan RS (ms): Min: 0,3, Avg: 1,1, Max: 1,3, Diff: 1,0, Sum: 8,7]
      [Code Root Scanning (ms): Min: 0,0, Avg: 0,0, Max: 0,0, Diff: 0,0, Sum: 0,0]
      [Object Copy (ms): Min: 15,5, Avg: 15,6, Max: 15,7, Diff: 0,2, Sum: 124,5]
      [Termination (ms): Min: 0,0, Avg: 0,0, Max: 0,0, Diff: 0,0, Sum: 0,0]
         [Termination Attempts: Min: 1, Avg: 1,0, Max: 1, Diff: 0, Sum: 8]
      [GC Worker Other (ms): Min: 0,0, Avg: 0,0, Max: 0,0, Diff: 0,0, Sum: 0,2]
      [GC Worker Total (ms): Min: 19,8, Avg: 20,0, Max: 20,2, Diff: 0,4, Sum: 159,9]
      [GC Worker End (ms): Min: 1122547,9, Avg: 1122547,9, Max: 1122547,9, Diff: 0,0]
   [Code Root Fixup: 0,0 ms]
   [Code Root Purge: 0,0 ms]
   [Clear CT: 1,0 ms]
   [Other: 2,3 ms]
      [Choose CSet: 0,0 ms]
      [Ref Proc: 0,9 ms]
      [Ref Enq: 0,0 ms]
      [Redirty Cards: 0,9 ms]
      [Humongous Register: 0,1 ms]
      [Humongous Reclaim: 0,0 ms]
      [Free CSet: 0,0 ms]
   [Eden: 47104,0K(47104,0K)->0,0B(45056,0K) Survivors: 5120,0K->7168,0K Heap: 220,5M(1024,0M)->178,4M(1024,0M)]
 [Times: user=0,16 sys=0,01, real=0,02 se2020-2020-04-18T14:54:58.941+0100: 1281,631: [GC pause (G1 Evacuation Pause) (young), 0,0331053 secs]
   [Parallel Time: 28,5 ms, GC Workers: 8]
      [GC Worker Start (ms): Min: 1281631,5, Avg: 1281632,0, Max: 1281633,0, Diff: 1,6]
      [Ext Root Scanning (ms): Min: 0,1, Avg: 1,1, Max: 1,8, Diff: 1,7, Sum: 8,8]
      [Update RS (ms): Min: 1,1, Avg: 1,5, Max: 2,1, Diff: 1,0, Sum: 11,6]
         [Processed Buffers: Min: 1, Avg: 6,6, Max: 17, Diff: 16, Sum: 53]
      [Scan RS (ms): Min: 0,7, Avg: 1,3, Max: 1,7, Diff: 0,9, Sum: 10,5]
      [Code Root Scanning (ms): Min: 0,0, Avg: 0,0, Max: 0,1, Diff: 0,1, Sum: 0,1]
      [Object Copy (ms): Min: 23,3, Avg: 23,5, Max: 23,8, Diff: 0,5, Sum: 188,2]
      [Termination (ms): Min: 0,0, Avg: 0,3, Max: 0,4, Diff: 0,4, Sum: 2,7]
         [Termination Attempts: Min: 1, Avg: 2,5, Max: 5, Diff: 4, Sum: 20]
      [GC Worker Other (ms): Min: 0,0, Avg: 0,0, Max: 0,0, Diff: 0,0, Sum: 0,2]
      [GC Worker Total (ms): Min: 26,7, Avg: 27,8, Max: 28,3, Diff: 1,6, Sum: 222,1]
      [GC Worker End (ms): Min: 1281659,6, Avg: 1281659,7, Max: 1281659,7, Diff: 0,2]
   [Code Root Fixup: 0,0 ms]
   [Code Root Purge: 0,0 ms]
   [Clear CT: 1,1 ms]
   [Other: 3,5 ms]
      [Choose CSet: 0,0 ms]
      [Ref Proc: 1,5 ms]
      [Ref Enq: 0,0 ms]
      [Redirty Cards: 1,3 ms]
      [Humongous Register: 0,1 ms]
      [Humongous Reclaim: 0,0 ms]
      [Free CSet: 0,1 ms]
   [Eden: 45056,0K(45056,0K)->0,0B(45056,0K) Survivors: 7168,0K->7168,0K Heap: 222,4M(1024,0M)->183,3M(1024,0M)]
 [Times: user=0,23 sys=0,01, real=0,03 se2020-2020-04-18T14:57:36.767+0100: 1439,457: [GC pause (G1 Evacuation Pause) (young), 0,0334832 secs]
   [Parallel Time: 28,9 ms, GC Workers: 8]
      [GC Worker Start (ms): Min: 1439457,6, Avg: 1439457,8, Max: 1439458,0, Diff: 0,4]
      [Ext Root Scanning (ms): Min: 0,8, Avg: 1,1, Max: 1,7, Diff: 0,9, Sum: 8,5]
      [Update RS (ms): Min: 1,6, Avg: 2,0, Max: 2,6, Diff: 0,9, Sum: 16,2]
         [Processed Buffers: Min: 2, Avg: 6,5, Max: 15, Diff: 13, Sum: 52]
      [Scan RS (ms): Min: 1,4, Avg: 1,9, Max: 2,0, Diff: 0,6, Sum: 15,0]
      [Code Root Scanning (ms): Min: 0,0, Avg: 0,0, Max: 0,0, Diff: 0,0, Sum: 0,1]
      [Object Copy (ms): Min: 22,7, Avg: 22,9, Max: 23,1, Diff: 0,4, Sum: 183,6]
      [Termination (ms): Min: 0,0, Avg: 0,0, Max: 0,0, Diff: 0,0, Sum: 0,1]
         [Termination Attempts: Min: 1, Avg: 5,0, Max: 9, Diff: 8, Sum: 40]
      [GC Worker Other (ms): Min: 0,0, Avg: 0,0, Max: 0,1, Diff: 0,1, Sum: 0,4]
      [GC Worker Total (ms): Min: 27,8, Avg: 28,0, Max: 28,2, Diff: 0,4, Sum: 223,9]
      [GC Worker End (ms): Min: 1439485,8, Avg: 1439485,8, Max: 1439485,9, Diff: 0,1]
   [Code Root Fixup: 0,0 ms]
   [Code Root Purge: 0,0 ms]
   [Clear CT: 0,8 ms]
   [Other: 3,8 ms]
      [Choose CSet: 0,0 ms]
      [Ref Proc: 2,2 ms]
      [Ref Enq: 0,0 ms]
      [Redirty Cards: 0,8 ms]
      [Humongous Register: 0,1 ms]
      [Humongous Reclaim: 0,0 ms]
      [Free CSet: 0,1 ms]
   [Eden: 45056,0K(45056,0K)->0,0B(45056,0K) Survivors: 7168,0K->7168,0K Heap: 227,3M(1024,0M)->191,4M(1024,0M)]
 [Times: user=0,22 sys=0,00, real=0,2020-04-182020-04-18T15:00:16.799+0100: 1599,490: [GC pause (G1 Evacuation Pause) (young), 0,0340005 secs]
   [Parallel Time: 30,2 ms, GC Workers: 8]
      [GC Worker Start (ms): Min: 1599490,1, Avg: 1599490,3, Max: 1599490,5, Diff: 0,5]
      [Ext Root Scanning (ms): Min: 0,8, Avg: 1,1, Max: 1,6, Diff: 0,9, Sum: 8,5]
      [Update RS (ms): Min: 1,2, Avg: 1,4, Max: 1,5, Diff: 0,3, Sum: 10,8]
         [Processed Buffers: Min: 2, Avg: 6,4, Max: 12, Diff: 10, Sum: 51]
      [Scan RS (ms): Min: 1,7, Avg: 1,9, Max: 2,5, Diff: 0,9, Sum: 15,1]
      [Code Root Scanning (ms): Min: 0,0, Avg: 0,0, Max: 0,1, Diff: 0,1, Sum: 0,1]
      [Object Copy (ms): Min: 24,7, Avg: 25,4, Max: 25,7, Diff: 0,9, Sum: 203,1]
      [Termination (ms): Min: 0,0, Avg: 0,0, Max: 0,0, Diff: 0,0, Sum: 0,1]
         [Termination Attempts: Min: 1, Avg: 4,2, Max: 6, Diff: 5, Sum: 34]
      [GC Worker Other (ms): Min: 0,0, Avg: 0,0, Max: 0,0, Diff: 0,0, Sum: 0,3]
      [GC Worker Total (ms): Min: 29,5, Avg: 29,7, Max: 30,0, Diff: 0,5, Sum: 238,0]
      [GC Worker End (ms): Min: 1599520,1, Avg: 1599520,1, Max: 1599520,1, Diff: 0,0]
   [Code Root Fixup: 0,0 ms]
   [Code Root Purge: 0,0 ms]
   [Clear CT: 1,0 ms]
   [Other: 2,8 ms]
      [Choose CSet: 0,0 ms]
      [Ref Proc: 0,9 ms]
      [Ref Enq: 0,0 ms]
      [Redirty Cards: 1,2 ms]
      [Humongous Register: 0,1 ms]
      [Humongous Reclaim: 0,0 ms]
      [Free CSet: 0,1 ms]
   [Eden: 45056,0K(45056,0K)->0,0B(45056,0K) Survivors: 7168,0K->7168,0K Heap: 235,4M(1024,0M)->200,4M(1024,0M)]
 [Times: user=0,23 sys=0,03, real=0,2020-04-182020-04-18T15:02:56.265+0100: 1758,956: [GC pause (G1 Evacuation Pause) (young), 0,0298706 secs]
   [Parallel Time: 24,9 ms, GC Workers: 8]
      [GC Worker Start (ms): Min: 1758956,3, Avg: 1758956,6, Max: 1758956,8, Diff: 0,5]
      [Ext Root Scanning (ms): Min: 0,8, Avg: 1,2, Max: 1,9, Diff: 1,1, Sum: 9,9]
      [Update RS (ms): Min: 1,6, Avg: 2,0, Max: 2,2, Diff: 0,6, Sum: 16,0]
         [Processed Buffers: Min: 1, Avg: 6,2, Max: 25, Diff: 24, Sum: 50]
      [Scan RS (ms): Min: 1,4, Avg: 1,7, Max: 2,3, Diff: 0,9, Sum: 13,3]
      [Code Root Scanning (ms): Min: 0,0, Avg: 0,0, Max: 0,0, Diff: 0,0, Sum: 0,0]
      [Object Copy (ms): Min: 17,9, Avg: 18,5, Max: 18,9, Diff: 1,0, Sum: 148,1]
      [Termination (ms): Min: 0,0, Avg: 0,0, Max: 0,0, Diff: 0,0, Sum: 0,1]
         [Termination Attempts: Min: 1, Avg: 2,4, Max: 6, Diff: 5, Sum: 19]
      [GC Worker Other (ms): Min: 0,0, Avg: 0,1, Max: 0,1, Diff: 0,1, Sum: 0,4]
      [GC Worker Total (ms): Min: 23,2, Avg: 23,5, Max: 23,8, Diff: 0,6, Sum: 187,8]
      [GC Worker End (ms): Min: 1758980,0, Avg: 1758980,0, Max: 1758980,1, Diff: 0,1]
   [Code Root Fixup: 0,0 ms]
   [Code Root Purge: 0,0 ms]
   [Clear CT: 1,3 ms]
   [Other: 3,7 ms]
      [Choose CSet: 0,0 ms]
      [Ref Proc: 1,6 ms]
      [Ref Enq: 0,0 ms]
      [Redirty Cards: 1,3 ms]
      [Humongous Register: 0,1 ms]
      [Humongous Reclaim: 0,0 ms]
      [Free CSet: 0,1 ms]
   [Eden: 45056,0K(45056,0K)->0,0B(47104,0K) Survivors: 7168,0K->5120,0K Heap: 244,4M(1024,0M)->202,5M(1024,0M)]
 [Times: user=0,20 sys=0,00, real=2020-04-18T12020-04-18T15:05:41.490+0100: 1924,181: [GC pause (G1 Evacuation Pause) (young), 0,0284473 secs]
   [Parallel Time: 24,2 ms, GC Workers: 8]
      [GC Worker Start (ms): Min: 1924182,0, Avg: 1924183,2, Max: 1924188,3, Diff: 6,3]
      [Ext Root Scanning (ms): Min: 0,0, Avg: 1,0, Max: 1,8, Diff: 1,7, Sum: 8,1]
      [Update RS (ms): Min: 0,0, Avg: 2,2, Max: 2,9, Diff: 2,9, Sum: 17,8]
         [Processed Buffers: Min: 0, Avg: 6,2, Max: 19, Diff: 19, Sum: 50]
      [Scan RS (ms): Min: 0,0, Avg: 1,1, Max: 1,4, Diff: 1,4, Sum: 9,0]
      [Code Root Scanning (ms): Min: 0,0, Avg: 0,0, Max: 0,0, Diff: 0,0, Sum: 0,0]
      [Object Copy (ms): Min: 17,7, Avg: 18,5, Max: 18,7, Diff: 1,0, Sum: 147,8]
      [Termination (ms): Min: 0,0, Avg: 0,0, Max: 0,0, Diff: 0,0, Sum: 0,1]
         [Termination Attempts: Min: 1, Avg: 4,9, Max: 10, Diff: 9, Sum: 39]
      [GC Worker Other (ms): Min: 0,0, Avg: 0,0, Max: 0,0, Diff: 0,0, Sum: 0,3]
      [GC Worker Total (ms): Min: 17,8, Avg: 22,9, Max: 24,1, Diff: 6,3, Sum: 183,1]
      [GC Worker End (ms): Min: 1924206,1, Avg: 1924206,1, Max: 1924206,1, Diff: 0,0]
   [Code Root Fixup: 0,0 ms]
   [Code Root Purge: 0,0 ms]
   [Clear CT: 0,9 ms]
   [Other: 3,3 ms]
      [Choose CSet: 0,0 ms]
      [Ref Proc: 0,8 ms]
      [Ref Enq: 0,0 ms]
      [Redirty Cards: 0,9 ms]
      [Humongous Register: 0,9 ms]
      [Humongous Reclaim: 0,0 ms]
      [Free CSet: 0,1 ms]
   [Eden: 47104,0K(47104,0K)->0,0B(45056,0K) Survivors: 5120,0K->7168,0K Heap: 248,5M(1024,0M)->208,9M(1024,0M)]
 [Times: user=0,19 sys=0,00, real2020-04-18T152020-04-18T15:07:49.413+0100: 2052,103: [GC pause (G1 Evacuation Pause) (young), 0,0535772 secs]
   [Parallel Time: 45,9 ms, GC Workers: 8]
      [GC Worker Start (ms): Min: 2052103,8, Avg: 2052104,8, Max: 2052106,8, Diff: 3,1]
      [Ext Root Scanning (ms): Min: 0,0, Avg: 2,3, Max: 8,8, Diff: 8,8, Sum: 18,3]
      [Update RS (ms): Min: 0,0, Avg: 1,4, Max: 6,7, Diff: 6,7, Sum: 11,4]
         [Processed Buffers: Min: 0, Avg: 6,2, Max: 18, Diff: 18, Sum: 50]
      [Scan RS (ms): Min: 0,0, Avg: 0,6, Max: 1,1, Diff: 1,1, Sum: 4,9]
      [Code Root Scanning (ms): Min: 0,0, Avg: 0,0, Max: 0,1, Diff: 0,1, Sum: 0,1]
      [Object Copy (ms): Min: 6,7, Avg: 13,1, Max: 25,9, Diff: 19,1, Sum: 105,0]
      [Termination (ms): Min: 0,0, Avg: 13,0, Max: 21,6, Diff: 21,6, Sum: 103,7]
         [Termination Attempts: Min: 1, Avg: 1,6, Max: 3, Diff: 2, Sum: 13]
      [GC Worker Other (ms): Min: 0,0, Avg: 0,0, Max: 0,0, Diff: 0,0, Sum: 0,1]
      [GC Worker Total (ms): Min: 27,5, Avg: 30,4, Max: 36,3, Diff: 8,9, Sum: 243,6]
      [GC Worker End (ms): Min: 2052134,3, Avg: 2052135,2, Max: 2052140,9, Diff: 6,7]
   [Code Root Fixup: 0,0 ms]
   [Code Root Purge: 0,0 ms]
   [Clear CT: 0,5 ms]
   [Other: 7,2 ms]
      [Choose CSet: 0,0 ms]
      [Ref Proc: 5,7 ms]
      [Ref Enq: 0,0 ms]
      [Redirty Cards: 0,2 ms]
      [Humongous Register: 0,6 ms]
      [Humongous Reclaim: 0,0 ms]
      [Free CSet: 0,3 ms]
   [Eden: 45056,0K(45056,0K)->0,0B(47104,0K) Survivors: 7168,0K->5120,0K Heap: 252,9M(1024,0M)->213,5M(1024,0M)]
 [Times: user=0,13 sys=0,00, reHeap
 garbage-first heap   total 1048576K, used 248832K [0x00000000c0000000, 0x00000000c0102000, 0x0000000100000000)
  region size 1024K, 35 young (35840K), 6 survivors (6144K)
 Metaspace       used 39503K, capacity 43331K, committed 43520K, reserved 1087488K
  class space    used 4964K, capacity 5365K, committed 5376K, reserved 1048576K
erved 1048576K
     [Update RS (ms): Min: 1,2, Avg: 1,5, Max: 1,7, Diff: 0,5, Sum: 12,1]
         [Processed Buffers: Min: 1, Avg: 6,0, Max: 15, Diff: 14, Sum: 48]
      [Scan RS (ms): Min: 1,0, Avg: 1,2, Max: 1,4, Diff: 0,4, Sum: 10,0]
      [Code Root Scanning (ms): Min: 0,0, Avg: 0,0, Max: 0,1, Diff: 0,1, Sum: 0,1]
      [Object Copy (ms): Min: 21,8, Avg: 22,0, Max: 22,2, Diff: 0,4, Sum: 176,2]
      [Termination (ms): Min: 0,0, Avg: 0,0, Max: 0,0, Diff: 0,0, Sum: 0,1]
         [Termination Attempts: Min: 1, Avg: 2,6, Max: 5, Diff: 4, Sum: 21]
      [GC Worker Other (ms): Min: 0,0, Avg: 0,0, Max: 0,0, Diff: 0,0, Sum: 0,3]
      [GC Worker Total (ms): Min: 25,7, Avg: 26,0, Max: 26,2, Diff: 0,5, Sum: 207,8]
      [GC Worker End (ms): Min: 1218285,4, Avg: 1218285,4, Max: 1218285,5, Diff: 0,0]
   [Code Root Fixup: 0,0 ms]
   [Code Root Purge: 0,0 ms]
   [Clear CT: 1,3 ms]
   [Other: 2,9 ms]
      [Choose CSet: 0,0 ms]
      [Ref Proc: 1,2 ms]
      [Ref Enq: 0,0 ms]
      [Redirty Cards: 1,1 ms]
      [Humongous Register: 0,1 ms]
      [Humongous Reclaim: 0,0 ms]
      [Free CSet: 0,1 ms]
   [Eden: 45056,0K(45056,0K)->0,0B(45056,0K) Survivors: 7168,0K->7168,0K Heap: 225,5M(1024,0M)->185,7M(1024,0M)]
 [Times: user=0,22 sys=0,02020-04-18T14:56:14.2020-04-18T14:56:24.773+0100: 1372,225: [GC pause (G1 Evacuation Pause) (young), 0,0326330 secs]
   [Parallel Time: 28,4 ms, GC Workers: 8]
      [GC Worker Start (ms): Min: 1372225,6, Avg: 1372225,9, Max: 1372226,1, Diff: 0,5]
      [Ext Root Scanning (ms): Min: 0,9, Avg: 1,1, Max: 1,7, Diff: 0,8, Sum: 8,8]
      [Update RS (ms): Min: 2,0, Avg: 2,1, Max: 2,3, Diff: 0,3, Sum: 17,2]
         [Processed Buffers: Min: 1, Avg: 6,1, Max: 10, Diff: 9, Sum: 49]
      [Scan RS (ms): Min: 1,4, Avg: 1,7, Max: 2,3, Diff: 0,9, Sum: 13,9]
      [Code Root Scanning (ms): Min: 0,0, Avg: 0,0, Max: 0,1, Diff: 0,1, Sum: 0,1]
      [Object Copy (ms): Min: 22,4, Avg: 22,9, Max: 23,2, Diff: 0,8, Sum: 183,2]
      [Termination (ms): Min: 0,0, Avg: 0,0, Max: 0,0, Diff: 0,0, Sum: 0,0]
         [Termination Attempts: Min: 1, Avg: 1,1, Max: 2, Diff: 1, Sum: 9]
      [GC Worker Other (ms): Min: 0,0, Avg: 0,0, Max: 0,0, Diff: 0,0, Sum: 0,3]
      [GC Worker Total (ms): Min: 27,7, Avg: 27,9, Max: 28,2, Diff: 0,5, Sum: 223,5]
      [GC Worker End (ms): Min: 1372253,8, Avg: 1372253,8, Max: 1372253,8, Diff: 0,0]
   [Code Root Fixup: 0,0 ms]
   [Code Root Purge: 0,0 ms]
   [Clear CT: 0,9 ms]
   [Other: 3,3 ms]
      [Choose CSet: 0,0 ms]
      [Ref Proc: 1,5 ms]
      [Ref Enq: 0,0 ms]
      [Redirty Cards: 1,2 ms]
      [Humongous Register: 0,1 ms]
      [Humongous Reclaim: 0,0 ms]
      [Free CSet: 0,1 ms]
   [Eden: 45056,0K(45056,0K)->0,0B(45056,0K) Survivors: 7168,0K->7168,0K Heap: 229,7M(1024,0M)->191,3M(1024,0M)]
 [Times: user=0,22 sys=0,022020-04-18T14:58:452020-04-18T14:58:59.409+0100: 1526,861: [GC pause (G1 Evacuation Pause) (young), 0,0323052 secs]
   [Parallel Time: 28,6 ms, GC Workers: 8]
      [GC Worker Start (ms): Min: 1526861,0, Avg: 1526861,2, Max: 1526861,5, Diff: 0,5]
      [Ext Root Scanning (ms): Min: 0,8, Avg: 1,1, Max: 1,7, Diff: 0,8, Sum: 8,7]
      [Update RS (ms): Min: 0,7, Avg: 1,0, Max: 1,3, Diff: 0,6, Sum: 8,2]
         [Processed Buffers: Min: 2, Avg: 5,8, Max: 19, Diff: 17, Sum: 46]
      [Scan RS (ms): Min: 1,6, Avg: 1,9, Max: 2,2, Diff: 0,6, Sum: 15,2]
      [Code Root Scanning (ms): Min: 0,0, Avg: 0,0, Max: 0,0, Diff: 0,0, Sum: 0,1]
      [Object Copy (ms): Min: 23,6, Avg: 23,8, Max: 23,9, Diff: 0,3, Sum: 190,2]
      [Termination (ms): Min: 0,0, Avg: 0,0, Max: 0,0, Diff: 0,0, Sum: 0,1]
         [Termination Attempts: Min: 1, Avg: 2,1, Max: 3, Diff: 2, Sum: 17]
      [GC Worker Other (ms): Min: 0,0, Avg: 0,0, Max: 0,0, Diff: 0,0, Sum: 0,2]
      [GC Worker Total (ms): Min: 27,6, Avg: 27,8, Max: 28,1, Diff: 0,5, Sum: 222,8]
      [GC Worker End (ms): Min: 1526889,1, Avg: 1526889,1, Max: 1526889,1, Diff: 0,0]
   [Code Root Fixup: 0,0 ms]
   [Code Root Purge: 0,0 ms]
   [Clear CT: 0,8 ms]
   [Other: 2,9 ms]
      [Choose CSet: 0,0 ms]
      [Ref Proc: 1,4 ms]
      [Ref Enq: 0,0 ms]
      [Redirty Cards: 0,7 ms]
      [Humongous Register: 0,1 ms]
      [Humongous Reclaim: 0,0 ms]
      [Free CSet: 0,1 ms]
   [Eden: 45056,0K(45056,0K)->0,0B(46080,0K) Survivors: 7168,0K->6144,0K Heap: 235,3M(1024,0M)->198,8M(1024,0M)]
 [Times: user=0,20 sys=0,02,2020-04-18T15:01:12020-04-18T15:01:36.960+0100: 1684,412: [GC pause (G1 Evacuation Pause) (young), 0,0256329 secs]
   [Parallel Time: 22,6 ms, GC Workers: 8]
      [GC Worker Start (ms): Min: 1684412,7, Avg: 1684413,2, Max: 1684414,8, Diff: 2,1]
      [Ext Root Scanning (ms): Min: 0,0, Avg: 1,1, Max: 1,8, Diff: 1,8, Sum: 8,8]
      [Update RS (ms): Min: 0,9, Avg: 1,3, Max: 1,7, Diff: 0,8, Sum: 10,4]
         [Processed Buffers: Min: 1, Avg: 5,9, Max: 16, Diff: 15, Sum: 47]
      [Scan RS (ms): Min: 1,2, Avg: 1,7, Max: 2,1, Diff: 0,9, Sum: 13,8]
      [Code Root Scanning (ms): Min: 0,0, Avg: 0,0, Max: 0,0, Diff: 0,0, Sum: 0,0]
      [Object Copy (ms): Min: 17,5, Avg: 17,8, Max: 18,0, Diff: 0,5, Sum: 142,1]
      [Termination (ms): Min: 0,0, Avg: 0,0, Max: 0,0, Diff: 0,0, Sum: 0,0]
         [Termination Attempts: Min: 1, Avg: 1,0, Max: 1, Diff: 0, Sum: 8]
      [GC Worker Other (ms): Min: 0,0, Avg: 0,0, Max: 0,0, Diff: 0,0, Sum: 0,3]
      [GC Worker Total (ms): Min: 20,3, Avg: 21,9, Max: 22,4, Diff: 2,1, Sum: 175,3]
      [GC Worker End (ms): Min: 1684435,1, Avg: 1684435,1, Max: 1684435,1, Diff: 0,0]
   [Code Root Fixup: 0,0 ms]
   [Code Root Purge: 0,0 ms]
   [Clear CT: 0,6 ms]
   [Other: 2,5 ms]
      [Choose CSet: 0,0 ms]
      [Ref Proc: 1,1 ms]
      [Ref Enq: 0,0 ms]
      [Redirty Cards: 0,7 ms]
      [Humongous Register: 0,2 ms]
      [Humongous Reclaim: 0,0 ms]
      [Free CSet: 0,0 ms]
   [Eden: 46080,0K(46080,0K)->0,0B(45056,0K) Survivors: 6144,0K->7168,0K Heap: 243,8M(1024,0M)->204,0M(1024,0M)]
 [Times: user=0,17 sys=2020-04-18T15:03:47.6392020-04-18T15:04:09.118+0100: 1836,570: [GC pause (G1 Evacuation Pause) (young), 0,0265548 secs]
   [Parallel Time: 23,3 ms, GC Workers: 8]
      [GC Worker Start (ms): Min: 1836570,7, Avg: 1836570,8, Max: 1836571,0, Diff: 0,3]
      [Ext Root Scanning (ms): Min: 0,7, Avg: 1,2, Max: 3,0, Diff: 2,2, Sum: 10,0]
      [Update RS (ms): Min: 0,0, Avg: 1,7, Max: 2,7, Diff: 2,7, Sum: 13,3]
         [Processed Buffers: Min: 0, Avg: 5,9, Max: 16, Diff: 16, Sum: 47]
      [Scan RS (ms): Min: 1,1, Avg: 1,6, Max: 2,1, Diff: 1,0, Sum: 13,0]
      [Code Root Scanning (ms): Min: 0,0, Avg: 0,0, Max: 0,0, Diff: 0,0, Sum: 0,0]
      [Object Copy (ms): Min: 17,7, Avg: 17,9, Max: 18,1, Diff: 0,4, Sum: 143,0]
      [Termination (ms): Min: 0,0, Avg: 0,0, Max: 0,0, Diff: 0,0, Sum: 0,0]
         [Termination Attempts: Min: 1, Avg: 1,0, Max: 1, Diff: 0, Sum: 8]
      [GC Worker Other (ms): Min: 0,0, Avg: 0,0, Max: 0,0, Diff: 0,0, Sum: 0,3]
      [GC Worker Total (ms): Min: 22,2, Avg: 22,4, Max: 22,6, Diff: 0,3, Sum: 179,5]
      [GC Worker End (ms): Min: 1836593,2, Avg: 1836593,2, Max: 1836593,2, Diff: 0,0]
   [Code Root Fixup: 0,0 ms]
   [Code Root Purge: 0,0 ms]
   [Clear CT: 0,5 ms]
   [Other: 2,8 ms]
      [Choose CSet: 0,0 ms]
      [Ref Proc: 1,4 ms]
      [Ref Enq: 0,0 ms]
      [Redirty Cards: 0,7 ms]
      [Humongous Register: 0,1 ms]
      [Humongous Reclaim: 0,0 ms]
      [Free CSet: 0,1 ms]
   [Eden: 45056,0K(45056,0K)->0,0B(47104,0K) Survivors: 7168,0K->5120,0K Heap: 248,0M(1024,0M)->207,4M(1024,0M)]
 [Times: user=0,16 sys=0,02020-04-18T15:06:19.2020-04-18T15:06:50.792+0100: 1998,244: [GC pause (G1 Evacuation Pause) (young), 0,0139559 secs]
   [Parallel Time: 9,7 ms, GC Workers: 8]
      [GC Worker Start (ms): Min: 1998243,9, Avg: 1998244,0, Max: 1998244,2, Diff: 0,3]
      [Ext Root Scanning (ms): Min: 0,1, Avg: 0,4, Max: 0,9, Diff: 0,8, Sum: 2,9]
      [Update RS (ms): Min: 0,0, Avg: 0,8, Max: 1,4, Diff: 1,4, Sum: 6,1]
         [Processed Buffers: Min: 0, Avg: 7,4, Max: 19, Diff: 19, Sum: 59]
      [Scan RS (ms): Min: 0,0, Avg: 0,3, Max: 0,6, Diff: 0,6, Sum: 2,5]
      [Code Root Scanning (ms): Min: 0,0, Avg: 0,0, Max: 0,0, Diff: 0,0, Sum: 0,0]
      [Object Copy (ms): Min: 7,4, Avg: 8,1, Max: 9,4, Diff: 2,0, Sum: 65,1]
      [Termination (ms): Min: 0,0, Avg: 0,0, Max: 0,0, Diff: 0,0, Sum: 0,0]
         [Termination Attempts: Min: 1, Avg: 1,1, Max: 2, Diff: 1, Sum: 9]
      [GC Worker Other (ms): Min: 0,0, Avg: 0,0, Max: 0,0, Diff: 0,0, Sum: 0,1]
      [GC Worker Total (ms): Min: 9,4, Avg: 9,6, Max: 9,6, Diff: 0,3, Sum: 76,6]
      [GC Worker End (ms): Min: 1998253,6, Avg: 1998253,6, Max: 1998253,6, Diff: 0,0]
   [Code Root Fixup: 0,0 ms]
   [Code Root Purge: 0,0 ms]
   [Clear CT: 0,1 ms]
   [Other: 4,1 ms]
      [Choose CSet: 0,0 ms]
      [Ref Proc: 3,7 ms]
      [Ref Enq: 0,0 ms]
      [Redirty Cards: 0,1 ms]
      [Humongous Register: 0,0 ms]
      [Humongous Reclaim: 0,0 ms]
      [Free CSet: 0,0 ms]
   [Eden: 47104,0K(47104,0K)->0,0B(45056,0K) Survivors: 5120,0K->7168,0K Heap: 253,4M(1024,0M)->215,8M(1024,0M)]
 [Times: user=0,07 sys=0,01, real=0,0Heap
 garbage-first heap   total 1048576K, used 268565K [0x00000000c0000000, 0x00000000c0102000, 0x0000000100000000)
  region size 1024K, 51 young (52224K), 7 survivors (7168K)
 Metaspace       used 40753K, capacity 44866K, committed 45004K, reserved 1089536K
  class space    used 5145K, capacity 5554K, committed 5580K, reserved 1048576K
1048576K
ax: 4,4, Diff: 1,4, Sum: 28,7]
         [Processed Buffers: Min: 1, Avg: 6,4, Max: 27, Diff: 26, Sum: 51]
      [Scan RS (ms): Min: 1,6, Avg: 2,0, Max: 2,3, Diff: 0,6, Sum: 16,1]
      [Code Root Scanning (ms): Min: 0,0, Avg: 0,0, Max: 0,0, Diff: 0,0, Sum: 0,0]
      [Object Copy (ms): Min: 17,1, Avg: 17,9, Max: 18,1, Diff: 1,0, Sum: 143,0]
      [Termination (ms): Min: 0,1, Avg: 0,1, M2020-04-18T14:50:23.203+0100: 1030,909: [GC pause (G1 Evacuation Pause) (young), 0,0331990 secs]
   [Parallel Time: 30,6 ms, GC Workers: 8]
      [GC Worker Start (ms): Min: 1030909,7, Avg: 1030910,1, Max: 1030911,9, Diff: 2,2]
      [Ext Root Scanning (ms): Min: 0,0, Avg: 1,1, Max: 1,7, Diff: 1,7, Sum: 8,7]
      [Update RS (ms): Min: 2,8, Avg: 3,3, Max: 3,6, Diff: 0,8, Sum: 26,6]
         [Processed Buffers: Min: 2, Avg: 6,8, Max: 20, Diff: 18, Sum: 54]
      [Scan RS (ms): Min: 1,8, Avg: 2,0, Max: 2,3, Diff: 0,5, Sum: 16,0]
      [Code Root Scanning (ms): Min: 0,0, Avg: 0,0, Max: 0,1, Diff: 0,1, Sum: 0,2]
      [Object Copy (ms): Min: 22,9, Avg: 23,1, Max: 23,2, Diff: 0,3, Sum: 184,6]
      [Termination (ms): Min: 0,0, Avg: 0,0, Max: 0,0, Diff: 0,0, Sum: 0,1]
         [Termination Attempts: Min: 1, Avg: 2020-04-18T14:52:43.712+0100: 1166,406: [GC pause (G1 Evacuation Pause) (young), 0,0241820 secs]
   [Parallel Time: 19,5 ms, GC Workers: 8]
      [GC Worker Start (ms): Min: 1166406,2, Avg: 1166406,4, Max: 1166406,5, Diff: 0,4]
      [Ext Root Scanning (ms): Min: 0,8, Avg: 1,0, Max: 1,4, Diff: 0,6, Sum: 7,6]
      [Update RS (ms): Min: 1,3, Avg: 1,7, Max: 2,2, Diff: 0,9, Sum: 13,2]
         [Processed Buffers: Min: 1, Avg: 6,4, Max: 21, Diff: 20, Sum: 51]
      [Scan RS (ms): Min: 1,0, Avg: 1,4, Max: 1,7, Diff: 0,7, Sum: 11,3]
      [Code Root Scanning (ms): Min: 0,0, Avg: 0,0, Max: 0,0, Diff: 0,0, Sum: 0,0]
      [Object Copy (ms): Min: 15,0, Avg: 15,1, Max: 15,2, Diff: 0,2, Sum: 120,5]
      [Termination (ms): Min: 0,0, Avg: 0,0, 2020-04-18T14:52:51.735+0100: 1179,441: [GC pause (G1 Evacuation Pause) (young), 0,0343068 secs]
   [Parallel Time: 30,5 ms, GC Workers: 8]
      [GC Worker Start (ms): Min: 1179441,9, Avg: 1179442,2, Max: 1179443,5, Diff: 1,6]
      [Ext Root Scanning (ms): Min: 0,0, Avg: 1,1, Max: 1,7, Diff: 1,7, Sum: 8,8]
      [Update RS (ms): Min: 1,5, Avg: 1,8, Max: 2,5, Diff: 1,1, Sum: 14,5]
         [Processed Buffers: Min: 1, Avg: 7,2, Max: 21, Diff: 20, Sum: 58]
      [Scan RS (ms): Min: 1,1, Avg: 1,8, Max: 2,1, Diff: 1,0, Sum: 14,7]
      [Code Root Scanning (ms): Min: 0,0, Avg: 0,0, Max: 0,0, Diff: 0,0, Sum: 0,0]
      [Object Copy (ms): Min: 24,1, Avg: 24,3, Max: 24,6, Diff: 0,4, Sum: 194,5]
      [Termination (ms): Min: 0,0, Avg: 0,5, Max: 0,8, Diff: 0,8, Sum: 3,8]
         [Termination Attempts: Min: 1, Avg: 2020-04-18T14:55:16.229+0100: 1318,923: [GC pause (G1 Evacuation Pause) (young), 0,0249219 secs]
   [Parallel Time: 21,3 ms, GC Workers: 8]
      [GC Worker Start (ms): Min: 1318923,2, Avg: 1318923,7, Max: 1318924,5, Diff: 1,3]
      [Ext Root Scanning (ms): Min: 0,4, Avg: 1,2, Max: 1,9, Diff: 1,5, Sum: 9,5]
      [Update RS (ms): Min: 2,2, Avg: 2,7, Max: 3,6, Diff: 1,4, Sum: 21,3]
         [Processed Buffers: Min: 1, Avg: 6,6, Max: 17, Diff: 16, Sum: 53]
      [Scan RS (ms): Min: 0,7, Avg: 1,6, Max: 1,9, Diff: 1,1, Sum: 12,6]
      [Code Root Scanning (ms): Min: 0,0, Avg: 0,0, Max: 0,1, Diff: 0,1, Sum: 0,1]
      [Object Copy (ms): Min: 15,0, Avg: 15,2, Max: 15,3, Diff: 0,3, Sum: 121,4]
      [Termination (ms): Min: 0,0, Avg: 0,0, Ma2020-04-18T14:55:21.014+0100: 1328,720: [GC pause (G1 Evacuation Pause) (young), 0,0178896 secs]
   [Parallel Time: 15,6 ms, GC Workers: 8]
      [GC Worker Start (ms): Min: 1328720,2, Avg: 1328720,6, Max: 1328722,4, Diff: 2,2]
      [Ext Root Scanning (ms): Min: 0,0, Avg: 1,4, Max: 3,5, Diff: 3,4, Sum: 11,6]
      [Update RS (ms): Min: 1,0, Avg: 2,4, Max: 2,8, Diff: 1,8, Sum: 19,0]
         [Processed Buffers: Min: 1, Avg: 6,5, Max: 13, Diff: 12, Sum: 52]
      [Scan RS (ms): Min: 1,2, Avg: 1,4, Max: 1,6, Diff: 0,4, Sum: 11,0]
      [Code Root Scanning (ms): Min: 0,0, Avg: 0,0, Max: 0,0, Diff: 0,0, Sum: 0,0]
      [Object Copy (ms): Min: 9,3, Avg: 9,6, Max: 9,8, Diff: 0,5, Sum: 76,5]
      [Termination (ms): Min: 0,0, Avg: 0,0, Max: 0,0, Diff: 0,0, Sum: 0,0]
         [Termination Attempts: Min: 1, Avg: 1,0,2020-04-18T14:57:43.017+0100: 1465,711: [GC pause (G1 Evacuation Pause) (young), 0,0304034 secs]
   [Parallel Time: 26,2 ms, GC Workers: 8]
      [GC Worker Start (ms): Min: 1465711,4, Avg: 1465711,5, Max: 1465711,7, Diff: 0,3]
      [Ext Root Scanning (ms): Min: 1,0, Avg: 1,2, Max: 1,8, Diff: 0,8, Sum: 9,9]
      [Update RS (ms): Min: 1,3, Avg: 1,7, Max: 2,1, Diff: 0,8, Sum: 13,5]
         [Processed Buffers: Min: 1, Avg: 6,2, Max: 18, Diff: 17, Sum: 50]
      [Scan RS (ms): Min: 0,9, Avg: 1,3, Max: 1,5, Diff: 0,7, Sum: 10,2]
      [Code Root Scanning (ms): Min: 0,0, Avg: 0,0, Max: 0,1, Diff: 0,1, Sum: 0,1]
      [Object Copy (ms): Min: 21,6, Avg: 21,7, Max: 21,7, Diff: 0,1, Sum: 173,2]
      [Termination (ms): Min: 0,0, Avg: 2020-04-18T14:57:49.814+0100: 1477,520: [GC pause (G1 Evacuation Pause) (young), 0,0113054 secs]
   [Parallel Time: 9,2 ms, GC Workers: 8]
      [GC Worker Start (ms): Min: 1477520,3, Avg: 1477520,7, Max: 1477521,9, Diff: 1,6]
      [Ext Root Scanning (ms): Min: 0,0, Avg: 0,8, Max: 1,5, Diff: 1,5, Sum: 6,7]
      [Update RS (ms): Min: 0,2, Avg: 0,6, Max: 1,0, Diff: 0,8, Sum: 4,9]
         [Processed Buffers: Min: 2, Avg: 6,1, Max: 17, Diff: 15, Sum: 49]
      [Scan RS (ms): Min: 0,3, Avg: 0,6, Max: 0,7, Diff: 0,4, Sum: 5,0]
      [Code Root Scanning (ms): Min: 0,0, Avg: 0,0, Max: 0,0, Diff: 0,0, Sum: 0,0]
      [Object Copy (ms): Min: 6,5, Avg: 6,6, Max: 6,7, Diff: 0,2, Sum: 53,1]
      [Termination (ms): Min: 0,0, Avg: 0,0, Max: 0,0, Diff: 0,0, Sum: 0,0]
         [Termination Attempts: Min: 1, Avg: 1,0, Max: 1,2020-04-18T15:00:09.053+0100: 1611,746: [GC pause (G1 Evacuation Pause) (young), 0,0260440 secs]
   [Parallel Time: 23,0 ms, GC Workers: 8]
      [GC Worker Start (ms): Min: 1611746,5, Avg: 1611746,8, Max: 1611747,4, Diff: 1,0]
      [Ext Root Scanning (ms): Min: 0,3, Avg: 0,9, Max: 1,5, Diff: 1,1, Sum: 7,5]
      [Update RS (ms): Min: 0,0, Avg: 1,4, Max: 1,7, Diff: 1,7, Sum: 10,8]
         [Processed Buffers: Min: 0, Avg: 6,4, Max: 15, Diff: 15, Sum: 51]
      [Scan RS (ms): Min: 0,0, Avg: 1,5, Max: 1,9, Diff: 1,8, Sum: 11,9]
      [Code Root Scanning (ms): Min: 0,0, Avg: 0,0, Max: 0,1, Diff: 0,1, Sum: 0,1]
      [Object Copy (ms): Min: 16,9, Avg: 17,6, Max: 20,7, Diff: 3,8, Sum: 141,0]
      [Termination (ms): Min2020-04-18T15:00:19.859+0100: 1627,565: [GC pause (G1 Evacuation Pause) (young), 0,0277672 secs]
   [Parallel Time: 22,9 ms, GC Workers: 8]
      [GC Worker Start (ms): Min: 1627564,9, Avg: 1627565,2, Max: 1627565,9, Diff: 1,0]
      [Ext Root Scanning (ms): Min: 0,5, Avg: 1,2, Max: 1,8, Diff: 1,3, Sum: 9,4]
      [Update RS (ms): Min: 1,8, Avg: 2,0, Max: 2,5, Diff: 0,7, Sum: 16,3]
         [Processed Buffers: Min: 1, Avg: 6,4, Max: 16, Diff: 15, Sum: 51]
      [Scan RS (ms): Min: 1,1, Avg: 1,5, Max: 1,7, Diff: 0,6, Sum: 12,0]
      [Code Root Scanning (ms): Min: 0,0, Avg: 0,0, Max: 0,0, Diff: 0,0, Sum: 0,0]
      [Object Copy (ms): Min: 17,5, Avg: 17,7, Max: 17,8, Diff: 0,3, Sum: 141,5]
      [Termination (ms): Min: 0,0, Avg: 0,0, Max: 0,0, Diff: 0,0, Sum: 0,0]
         [Termination Attempts: Min: 1, Avg: 1,0, Max: 1, Diff2020-04-18T15:02:36.330+0100: 1759,023: [GC pause (G1 Evacuation Pause) (young), 0,0148845 secs]
   [Parallel Time: 12,0 ms, GC Workers: 8]
      [GC Worker Start (ms): Min: 1759023,8, Avg: 1759024,0, Max: 1759024,2, Diff: 0,4]
      [Ext Root Scanning (ms): Min: 0,7, Avg: 1,1, Max: 1,8, Diff: 1,1, Sum: 8,7]
      [Update RS (ms): Min: 1,7, Avg: 1,9, Max: 2,0, Diff: 0,3, Sum: 15,2]
         [Processed Buffers: Min: 1, Avg: 6,5, Max: 12, Diff: 11, Sum: 52]
      [Scan RS (ms): Min: 0,4, Avg: 0,6, Max: 0,6, Diff: 0,2, Sum: 4,4]
      [Code Root Scanning (ms): Min: 0,0, Avg: 0,0, Max: 0,0, Diff: 0,0, Sum: 0,0]
      [Object Copy (ms): Min: 7,6, Avg: 7,9, Max: 8,2, Diff: 0,6, Sum: 63,0]
      [Termination (ms): Min: 0,2020-04-18T15:02:50.211+0100: 1777,917: [GC pause (G1 Evacuation Pause) (young), 0,0278066 secs]
   [Parallel Time: 23,3 ms, GC Workers: 8]
      [GC Worker Start (ms): Min: 1777917,5, Avg: 1777918,2, Max: 1777921,3, Diff: 3,8]
      [Ext Root Scanning (ms): Min: 0,0, Avg: 0,9, Max: 1,6, Diff: 1,5, Sum: 7,3]
      [Update RS (ms): Min: 0,0, Avg: 1,5, Max: 1,9, Diff: 1,9, Sum: 12,4]
         [Processed Buffers: Min: 0, Avg: 6,2, Max: 12, Diff: 12, Sum: 50]
      [Scan RS (ms): Min: 0,9, Avg: 1,4, Max: 1,7, Diff: 0,8, Sum: 11,4]
      [Code Root Scanning (ms): Min: 0,0, Avg: 0,0, Max: 0,1, Diff: 0,1, Sum: 0,1]
      [Object Copy (ms): Min: 17,9, Avg: 18,0, Max: 18,1, Diff: 0,2, Sum: 144,0]
      [Termination (ms): Min: 0,0, Avg: 0,0, Max: 0,0, Diff: 0,0, Sum: 0,0]
         [Termination Attempts: Min: 1, Avg: 1,0, Max: 1,2020-04-18T15:05:02.784+0100: 1905,477: [GC pause (G1 Evacuation Pause) (young), 0,0314526 secs]
   [Parallel Time: 27,9 ms, GC Workers: 8]
      [GC Worker Start (ms): Min: 1905477,8, Avg: 1905478,3, Max: 1905479,6, Diff: 1,7]
      [Ext Root Scanning (ms): Min: 0,0, Avg: 1,1, Max: 1,9, Diff: 1,9, Sum: 8,5]
      [Update RS (ms): Min: 2,6, Avg: 2,9, Max: 3,1, Diff: 0,6, Sum: 23,0]
         [Processed Buffers: Min: 2, Avg: 6,9, Max: 17, Diff: 15, Sum: 55]
      [Scan RS (ms): Min: 1,0, Avg: 1,2, Max: 1,4, Diff: 0,4, Sum: 9,8]
      [Code Root Scanning (ms): Min: 0,0, Avg: 0,0, Max: 0,0, Diff: 0,0, Sum: 0,0]
      [Object Copy (ms): Min: 21,6, Avg: 21,9, Max: 22,1, Diff: 0,4, Sum: 175,0]
      [Termination (ms): Min: 0,02020-04-18T15:05:21.172+0100: 1928,878: [GC pause (G1 Evacuation Pause) (young), 0,0262233 secs]
   [Parallel Time: 22,8 ms, GC Workers: 8]
      [GC Worker Start (ms): Min: 1928878,6, Avg: 1928878,8, Max: 1928879,1, Diff: 0,4]
      [Ext Root Scanning (ms): Min: 0,4, Avg: 1,1, Max: 2,4, Diff: 2,0, Sum: 8,6]
      [Update RS (ms): Min: 0,0, Avg: 1,6, Max: 2,3, Diff: 2,3, Sum: 12,4]
         [Processed Buffers: Min: 0, Avg: 6,6, Max: 18, Diff: 18, Sum: 53]
      [Scan RS (ms): Min: 0,0, Avg: 1,3, Max: 1,7, Diff: 1,7, Sum: 10,3]
      [Code Root Scanning (ms): Min: 0,0, Avg: 0,0, Max: 0,0, Diff: 0,0, Sum: 0,1]
      [Object Copy (ms): Min: 17,6, Avg: 18,4, Max: 21,3, Diff: 3,7, Sum: 147,0]
      [Termination (ms): Min: 0,0, Avg: 0,1, Max: 0,1, Diff: 0,1, Sum: 0,8]
         [Termination Attempts: Min: 1, Avg: 2,1, Max: 4,2020-04-18T15:07:29.193+0100: 2051,887: [GC pause (G1 Evacuation Pause) (young), 0,0233700 secs]
   [Parallel Time: 21,3 ms, GC Workers: 8]
      [GC Worker Start (ms): Min: 2051887,2, Avg: 2051887,4, Max: 2051887,6, Diff: 0,4]
      [Ext Root Scanning (ms): Min: 0,8, Avg: 1,1, Max: 1,8, Diff: 1,0, Sum: 8,7]
      [Update RS (ms): Min: 1,3, Avg: 1,7, Max: 1,9, Diff: 0,6, Sum: 13,8]
         [Processed Buffers: Min: 1, Avg: 6,4, Max: 14, Diff: 13, Sum: 51]
      [Scan RS (ms): Min: 1,3, Avg: 1,8, Max: 4,2, Diff: 2,9, Sum: 14,2]
      [Code Root Scanning (ms): Min: 0,0, Avg: 0,0, Max: 0,0, Diff: 0,0, Sum: 0,0]
      [Object Copy (ms): Min: 12,8, Avg: 15,1, Max: 16,2, Diff: 3,4, Sum: 120,6]
      [Termination (ms): Min: 0,02020-04-18T15:07:39.351+0100: 2067,057: [GC pause (G1 Evacuation Pause) (young), 0,1041288 secs]
   [Parallel Time: 64,4 ms, GC Workers: 8]
      [GC Worker Start (ms): Min: 2067057,0, Avg: 2067069,9, Max: 2067077,8, Diff: 20,8]
      [Ext Root Scanning (ms): Min: 0,0, Avg: 0,4, Max: 3,0, Diff: 3,0, Sum: 3,1]
      [Update RS (ms): Min: 0,0, Avg: 0,5, Max: 2,1, Diff: 2,1, Sum: 4,1]
         [Processed Buffers: Min: 0, Avg: 6,9, Max: 31, Diff: 31, Sum: 55]
      [Scan RS (ms): Min: 0,0, Avg: 0,4, Max: 1,0, Diff: 1,0, Sum: 2,8]
      [Code Root Scanning (ms): Min: 0,0, Avg: 0,0, Max: 0,1, Diff: 0,1, Sum: 0,1]
      [Object Copy (ms): Min: 0,0, Avg: 10,4, Max: 36,1, Diff: 36,0, Sum: 83,3]
      [Termination (ms): Min: 0,0, Avg: 24,3, Max: 42,9, Diff: 42,9, Sum: 194,1]
         [Termination Attempts: Min: 1, Avg: 1,8, Max: 5Heap
 garbage-first heap   total 1048576K, used 246548K [0x00000000c0000000, 0x00000000c0102000, 0x0000000100000000)
  region size 1024K, 30 young (30720K), 7 survivors (7168K)
 Metaspace       used 40776K, capacity 44845K, committed 45056K, reserved 1089536K
  class space    used 5120K, capacity 5548K, committed 5632K, reserved 1048576K
 CT: 18,4 ms]
   [Other: 21,3 ms]
      [Choose CSet: 0,0 ms]
      [Ref Proc: 17,4 ms]
      [Ref Enq: 0,0 ms]
      [Redirty Cards: 3,3 ms]
      [Humongous Register: 0,1 ms]
      [Humongous Reclaim: 0,1 ms]
      [Free CSet: 0,1 ms]
   [Eden: 45056,0K(45056,0K)->0,0B(45056,0K) Survivors: 7168,0K->7168,0K Heap: 260,3M(1024,0M)->220,2M(1024,0M)]
 [Times: user=0,13 sys=0,00, real=0,11 secs] 
2020-04-18T15:07:55.623+0100: 2083,329: [GC pause (G1 Evacuation Pause) (young), 0,0139939 secs]
   [Parallel Time: 9,3 ms, GC Workers: 8]
      [GC Worker Start (ms): Min: 2083329,1, Avg: 2083333,4, Max: 2083338,4, Diff: 9,3]
      [Ext Root Scanning (ms): Min: 0,0, Avg: 0,3, Max: 1,2, Diff: 1,2, Sum: 2,3]
      [Update RS (ms): Min: 0,0, Avg: 0,2, Max: 0,8, Diff: 0,8, Sum: 1,5]
         [Processed Buffers: Min: 0, Avg: 3,4, Max: 22, Diff: 22, Sum: 27]
      [Scan RS (ms): Min: 0,0, Avg: 0,4, Max: 1,5, Diff: 1,5, Sum: 3,5]
      [Code Root Scanning (ms): Min: 0,0, Avg: 0,0, Max: 0,1, Diff: 0,1, Sum: 0,2]
      [Object Copy (ms): Min: 0,0, Avg: 3,4, Max: 5,4, Diff: 5,4, Sum: 27,4]
      [Termination (ms): Min: 0,0, Avg: 0,6, Max: 0,7, Diff: 0,7, Sum: 4,7]
         [Termination Attempts: Min: 1, Avg: 1,0, Max: 1, Diff: 0, Sum: 8]
      [GC Worker Other (ms): Min: 0,0, Avg: 0,0, Max: 0,0, Diff: 0,0, Sum: 0,0]
      [GC Worker Total (ms): Min: 0,0, Avg: 5,0, Max: 9,3, Diff: 9,3, Sum: 39,7]
      [GC Worker End (ms): Min: 2083338,4, Avg: 2083338,4, Max: 2083338,4, Diff: 0,0]
   [Code Root Fixup: 0,0 ms]
   [Code Root Purge: 0,0 ms]
   [Clear CT: 0,1 ms]
   [Other: 4,6 ms]
      [Choose CSet: 0,0 ms]
      [Ref Proc: 4,1 ms]
      [Ref Enq: 0,0 ms]
      [Redirty Cards: 0,1 ms]
      [Humongous Register: 0,1 ms]
      [Humongous Reclaim: 0,0 ms]
      [Free CSet: 0,0 ms]
   [Eden: 45056,0K(45056,0K)->0,0B(48128,0K) Survivors: 7168,0K->4096,0K Heap: 269,2M(1024,0M)->225,3M(1024,0M)]
 [Times: user=0,07 sys=0,01, real=0,02 secs] 
Heap
 garbage-first heap   total 1048576K, used 250211K [0x00000000c0000000, 0x00000000c0102000, 0x0000000100000000)
  region size 1024K, 24 young (24576K), 4 survivors (4096K)
 Metaspace       used 41967K, capacity 46743K, committed 46796K, reserved 1089536K
  class space    used 5386K, capacity 5830K, committed 5836K, reserved 1048576K
ff: 0,0]
   [Code Root Fixup: 0,0 ms]
   [Code Root Purge: 0,0 ms]
   [Clear CT: 0,9 ms]
   [Other: 2,9 ms]
      [Choose CSet: 0,0 ms]
      [Ref Proc: 1,5 ms]
      [Ref Enq: 0,0 ms]
      [Redirty Cards: 0,6 ms]
      [Humongous Register: 0,2 ms]
      [Humongous Reclaim: 0,0 ms]
      [Free CSet: 0,1 ms]
   [Eden: 46080,0K(46080,0K)->0,0B(45056,0K) Survivors: 6144,0K->7168,0K Heap: 238,3M(1024,0M)->200,3M(1024,0M)]
 [Times: user=0,18 sys=0,01, real=0,02 secs] 
2020-04-18T14:59:49.453+0100: 1602,199: [GC pause (G1 Evacuation Pause) (young), 0,0269458 secs]
   [Parallel Time: 22,6 ms, GC Workers: 8]
      [GC Worker Start (ms): Min: 1602198,9, Avg: 1602199,2, Max: 1602199,4, Diff: 0,5]
      [Ext Root Scanning (ms): Min: 1,0, Avg: 1,2, Max: 1,9, Diff: 0,9, Sum: 9,8]
      [Update RS (ms): Min: 1,5, Avg: 1,8, Max: 2,1, Diff: 0,5, Sum: 14,1]
         [Processed Buffers: Min: 2, Avg: 6,5, Max: 13, Diff: 11, Sum: 52]
      [Scan RS (ms): Min: 1,2, Avg: 1,5, Max: 1,7, Diff: 0,5, Sum: 11,9]
      [Code Root Scanning (ms): Min: 0,0, Avg: 0,0, Max: 0,0, Diff: 0,0, Sum: 0,0]
      [Object Copy (ms): Min: 17,1, Avg: 17,2, Max: 17,3, Diff: 0,2, Sum: 137,3]
      [Termination (ms): Min: 0,0, Avg: 0,0, Max: 0,0, Diff: 0,0, Sum: 0,0]
         [Termination Attempts: Min: 1, Avg: 1,0, Max: 1, Diff: 0, Sum: 8]
      [GC Worker Other (ms): Min: 0,0, Avg: 0,0, Max: 0,1, Diff: 0,1, Sum: 0,4]
      [GC Worker Total (ms): Min: 21,5, Avg: 21,7, Max: 22,0, Diff: 0,5, Sum: 173,5]
      [GC Worker End (ms): Min: 1602220,9, Avg: 1602220,9, Max: 1602221,0, Diff: 0,1]
   [Code Root Fixup: 0,0 ms]
   [Code Root Purge: 0,0 ms]
   [Clear CT: 1,1 ms]
   [Other: 3,2 ms]
      [Choose CSet: 0,0 ms]
      [Ref Proc: 1,3 ms]
      [Ref Enq: 0,0 ms]
      [Redirty Cards: 1,2 ms]
      [Humongous Register: 0,1 ms]
      [Humongous Reclaim: 0,0 ms]
      [Free CSet: 0,1 ms]
   [Eden: 45056,0K(45056,0K)->0,0B(45056,0K) Survivors: 7168,0K->7168,0K Heap: 244,3M(1024,0M)->206,7M(1024,0M)]
 [Times: user=0,17 sys=0,01, real=0,03 secs] 
2020-04-18T15:02:14.753+0100: 1747,498: [GC pause (G1 Evacuation Pause) (young), 0,0253762 secs]
   [Parallel Time: 21,9 ms, GC Workers: 8]
      [GC Worker Start (ms): Min: 1747498,8, Avg: 1747499,1, Max: 1747499,5, Diff: 0,7]
      [Ext Root Scanning (ms): Min: 0,8, Avg: 1,2, Max: 2,0, Diff: 1,2, Sum: 9,7]
      [Update RS (ms): Min: 1,7, Avg: 2,2, Max: 2,5, Diff: 0,8, Sum: 17,5]
         [Processed Buffers: Min: 1, Avg: 6,5, Max: 15, Diff: 14, Sum: 52]
      [Scan RS (ms): Min: 1,0, Avg: 1,3, Max: 1,6, Diff: 0,6, Sum: 10,4]
      [Code Root Scanning (ms): Min: 0,0, Avg: 0,0, Max: 0,0, Diff: 0,0, Sum: 0,0]
      [Object Copy (ms): Min: 16,6, Avg: 16,8, Max: 17,0, Diff: 0,4, Sum: 134,2]
      [Termination (ms): Min: 0,0, Avg: 0,0, Max: 0,0, Diff: 0,0, Sum: 0,0]
         [Termination Attempts: Min: 1, Avg: 1,0, Max: 1, Diff: 0, Sum: 8]
      [GC Worker Other (ms): Min: 0,0, Avg: 0,0, Max: 0,0, Diff: 0,0, Sum: 0,3]
      [GC Worker Total (ms): Min: 21,1, Avg: 21,5, Max: 21,8, Diff: 0,7, Sum: 172,2]
      [GC Worker End (ms): Min: 1747520,6, Avg: 1747520,6, Max: 1747520,6, Diff: 0,0]
   [Code Root Fixup: 0,0 ms]
   [Code Root Purge: 0,0 ms]
   [Clear CT: 0,9 ms]
   [Other: 2,6 ms]
      [Choose CSet: 0,0 ms]
      [Ref Proc: 1,2 ms]
      [Ref Enq: 0,0 ms]
      [Redirty Cards: 0,6 ms]
      [Humongous Register: 0,1 ms]
      [Humongous Reclaim: 0,0 ms]
      [Free CSet: 0,1 ms]
   [Eden: 45056,0K(45056,0K)->0,0B(46080,0K) Survivors: 7168,0K->6144,0K Heap: 250,7M(1024,0M)->211,3M(1024,0M)]
 [Times: user=0,17 sys=0,01, real=0,03 secs] 
2020-04-18T15:04:40.680+0100: 1893,425: [GC pause (G1 Evacuation Pause) (young), 0,0237377 secs]
   [Parallel Time: 19,6 ms, GC Workers: 8]
      [GC Worker Start (ms): Min: 1893425,6, Avg: 1893425,8, Max: 1893425,9, Diff: 0,3]
      [Ext Root Scanning (ms): Min: 0,8, Avg: 1,0, Max: 1,6, Diff: 0,8, Sum: 8,2]
      [Update RS (ms): Min: 1,4, Avg: 1,9, Max: 2,4, Diff: 1,0, Sum: 15,4]
         [Processed Buffers: Min: 2, Avg: 6,6, Max: 17, Diff: 15, Sum: 53]
      [Scan RS (ms): Min: 1,1, Avg: 1,5, Max: 1,9, Diff: 0,7, Sum: 11,8]
      [Code Root Scanning (ms): Min: 0,0, Avg: 0,0, Max: 0,0, Diff: 0,0, Sum: 0,0]
      [Object Copy (ms): Min: 14,2, Avg: 14,5, Max: 14,7, Diff: 0,6, Sum: 116,0]
      [Termination (ms): Min: 0,0, Avg: 0,0, Max: 0,0, Diff: 0,0, Sum: 0,0]
         [Termination Attempts: Min: 1, Avg: 1,0, Max: 1, Diff: 0, Sum: 8]
      [GC Worker Other (ms): Min: 0,0, Avg: 0,0, Max: 0,1, Diff: 0,0, Sum: 0,2]
      [GC Worker Total (ms): Min: 18,8, Avg: 18,9, Max: 19,1, Diff: 0,4, Sum: 151,6]
      [GC Worker End (ms): Min: 1893444,7, Avg: 1893444,7, Max: 1893444,8, Diff: 0,0]
   [Code Root Fixup: 0,0 ms]
   [Code Root Purge: 0,0 ms]
   [Clear CT: 0,8 ms]
   [Other: 3,3 ms]
      [Choose CSet: 0,0 ms]
      [Ref Proc: 2,0 ms]
      [Ref Enq: 0,0 ms]
      [Redirty Cards: 0,8 ms]
      [Humongous Register: 0,1 ms]
      [Humongous Reclaim: 0,0 ms]
      [Free CSet: 0,1 ms]
   [Eden: 46080,0K(46080,0K)->0,0B(45056,0K) Survivors: 6144,0K->7168,0K Heap: 256,3M(1024,0M)->218,7M(1024,0M)]
 [Times: user=0,15 sys=0,01, real=0,02 secs] 
2020-04-18T15:07:05.518+0100: 2038,263: [GC pause (G1 Evacuation Pause) (young), 0,0172755 secs]
   [Parallel Time: 12,4 ms, GC Workers: 8]
      [GC Worker Start (ms): Min: 2038263,5, Avg: 2038263,6, Max: 2038263,9, Diff: 0,5]
      [Ext Root Scanning (ms): Min: 0,0, Avg: 1,2, Max: 5,7, Diff: 5,7, Sum: 9,3]
      [Update RS (ms): Min: 0,0, Avg: 1,2, Max: 2,5, Diff: 2,5, Sum: 9,2]
         [Processed Buffers: Min: 0, Avg: 6,5, Max: 18, Diff: 18, Sum: 52]
      [Scan RS (ms): Min: 0,0, Avg: 0,5, Max: 0,7, Diff: 0,7, Sum: 3,9]
      [Code Root Scanning (ms): Min: 0,0, Avg: 0,0, Max: 0,0, Diff: 0,0, Sum: 0,0]
      [Object Copy (ms): Min: 5,4, Avg: 8,4, Max: 9,5, Diff: 4,0, Sum: 67,1]
      [Termination (ms): Min: 0,0, Avg: 0,7, Max: 0,8, Diff: 0,8, Sum: 5,3]
         [Termination Attempts: Min: 2, Avg: 14,5, Max: 19, Diff: 17, Sum: 116]
      [GC Worker Other (ms): Min: 0,0, Avg: 0,0, Max: 0,0, Diff: 0,0, Sum: 0,1]
      [GC Worker Total (ms): Min: 11,6, Avg: 11,9, Max: 12,0, Diff: 0,4, Sum: 94,9]
      [GC Worker End (ms): Min: 2038275,4, Avg: 2038275,5, Max: 2038275,5, Diff: 0,1]
   [Code Root Fixup: 0,0 ms]
   [Code Root Purge: 0,0 ms]
   [Clear CT: 0,1 ms]
   [Other: 4,8 ms]
      [Choose CSet: 0,0 ms]
      [Ref Proc: 4,3 ms]
      [Ref Enq: 0,0 ms]
      [Redirty Cards: 0,1 ms]
      [Humongous Register: 0,0 ms]
      [Humongous Reclaim: 0,0 ms]
      [Free CSet: 0,0 ms]
   [Eden: 45056,0K(45056,0K)->0,0B(46080,0K) Survivors: 7168,0K->6144,0K Heap: 262,7M(1024,0M)->224,4M(1024,0M)]
 [Times: user=0,10 sys=0,00, real=0,02 secs] 
2020-04-18T15:07:41.949+0100: 2074,694: [GC pause (G1 Evacuation Pause) (young), 0,0087054 secs]
   [Parallel Time: 7,3 ms, GC Workers: 8]
      [GC Worker Start (ms): Min: 2074694,4, Avg: 2074694,5, Max: 2074694,6, Diff: 0,3]
      [Ext Root Scanning (ms): Min: 0,2, Avg: 0,5, Max: 1,1, Diff: 0,9, Sum: 3,9]
      [Update RS (ms): Min: 0,0, Avg: 0,4, Max: 0,9, Diff: 0,9, Sum: 3,1]
         [Processed Buffers: Min: 0, Avg: 3,0, Max: 8, Diff: 8, Sum: 24]
      [Scan RS (ms): Min: 0,4, Avg: 0,8, Max: 1,0, Diff: 0,6, Sum: 6,3]
      [Code Root Scanning (ms): Min: 0,0, Avg: 0,0, Max: 0,1, Diff: 0,1, Sum: 0,1]
      [Object Copy (ms): Min: 4,3, Avg: 4,5, Max: 5,1, Diff: 0,8, Sum: 35,7]
      [Termination (ms): Min: 0,0, Avg: 0,7, Max: 0,9, Diff: 0,9, Sum: 5,8]
         [Termination Attempts: Min: 1, Avg: 1,0, Max: 1, Diff: 0, Sum: 8]
      [GC Worker Other (ms): Min: 0,0, Avg: 0,0, Max: 0,0, Diff: 0,0, Sum: 0,1]
      [GC Worker Total (ms): Min: 6,7, Avg: 6,9, Max: 7,0, Diff: 0,3, Sum: 55,0]
      [GC Worker End (ms): Min: 2074701,4, Avg: 2074701,4, Max: 2074701,4, Diff: 0,0]
   [Code Root Fixup: 0,0 ms]
   [Code Root Purge: 0,0 ms]
   [Clear CT: 0,1 ms]
   [Other: 1,3 ms]
      [Choose CSet: 0,0 ms]
      [Ref Proc: 0,8 ms]
      [Ref Enq: 0,0 ms]
      [Redirty Cards: 0,1 ms]
      [Humongous Register: 0,1 ms]
      [Humongous Reclaim: 0,0 ms]
      [Free CSet: 0,0 ms]
   [Eden: 46080,0K(46080,0K)->0,0B(78848,0K) Survivors: 6144,0K->5120,0K Heap: 269,4M(1024,0M)->229,9M(1024,0M)]
 [Times: user=0,06 sys=0,00, real=0,01 secs] 
Heap
 garbage-first heap   total 1048576K, used 236414K [0x00000000c0000000, 0x00000000c0102000, 0x0000000100000000)
  region size 1024K, 7 young (7168K), 5 survivors (5120K)
 Metaspace       used 42603K, capacity 47743K, committed 48000K, reserved 1091584K
  class space    used 5516K, capacity 5982K, committed 6016K, reserved 1048576K
in: 0,0, Avg: 1,1, Max: 1,3, Diff: 1,3, Sum: 9,1]
         [Processed Buffers: Min: 0, Avg: 5,8, Max: 12, Diff: 12, Sum: 46]
      [Scan RS (ms): Min: 0,0, Avg: 2,4, Max: 2,8, Diff: 2,8, Sum: 19,1]
      [Code Root Scanning (ms): Min: 0,0, Avg: 0,0, Max: 0,0, Diff: 0,0, Sum: 0,0]
      [Object Copy (ms): Min: 0,0, Avg: 3,9, Max: 5,6, Diff: 5,6, Sum: 31,5]
      [Termination (ms): Min: 0,0, Avg: 1,4, Max: 3,3, Diff: 3,3, Sum: 10,9]
         [Termination Attempts: Min: 1, Avg: 1,0, Max: 1, Diff: 0, Sum: 8]
      [GC Worker Other (ms): Min: 0,0, Avg: 0,0, Max: 0,0, Diff: 0,0, Sum: 0,1]
      [GC Worker Total (ms): Min: 0,6, Avg: 9,2, Max: 12,8, Diff: 12,2, Sum: 73,3]
      [GC Worker End (ms): Min: 231086,9, Avg: 231087,3, Max: 231089,1, Diff: 2,2]
   [Code Root Fixup: 0,0 ms]
   [Code Root Purge: 0,0 ms]
   [Clear CT: 0,2 ms]
   [Other: 2,1 ms]
      [Choose CSet: 0,0 ms]
      [Ref Proc: 1,7 ms]
      [Ref Enq: 0,0 ms]
      [Redirty Cards: 0,1 ms]
      [Humongous Register: 0,1 ms]
      [Humongous Reclaim: 0,0 ms]
      [Free CSet: 0,0 ms]
   [Eden: 46080,0K(46080,0K)->0,0B(46080,0K) Survivors: 6144,0K->6144,0K Heap: 215,2M(1024,0M)->170,2M(1024,0M)]
 [Times: user=0,06 sys=0,00, real=0,01 secs] 
2020-04-18T14:37:14.917+0100: 232,323: [GC pause (G1 Evacuation Pause) (young), 0,0202266 secs]
   [Parallel Time: 11,1 ms, GC Workers: 8]
      [GC Worker Start (ms): Min: 232323,5, Avg: 232326,4, Max: 232333,2, Diff: 9,7]
      [Ext Root Scanning (ms): Min: 0,0, Avg: 0,4, Max: 1,1, Diff: 1,1, Sum: 2,9]
      [Update RS (ms): Min: 0,0, Avg: 1,1, Max: 2,0, Diff: 2,0, Sum: 8,5]
         [Processed Buffers: Min: 0, Avg: 5,0, Max: 15, Diff: 15, Sum: 40]
      [Scan RS (ms): Min: 0,0, Avg: 2,0, Max: 2,8, Diff: 2,8, Sum: 16,1]
      [Code Root Scanning (ms): Min: 0,0, Avg: 0,0, Max: 0,0, Diff: 0,0, Sum: 0,0]
      [Object Copy (ms): Min: 0,0, Avg: 3,2, Max: 4,4, Diff: 4,4, Sum: 25,7]
      [Termination (ms): Min: 0,0, Avg: 0,1, Max: 0,2, Diff: 0,2, Sum: 0,8]
         [Termination Attempts: Min: 1, Avg: 1,4, Max: 4, Diff: 3, Sum: 11]
      [GC Worker Other (ms): Min: 0,0, Avg: 0,0, Max: 0,0, Diff: 0,0, Sum: 0,1]
      [GC Worker Total (ms): Min: 0,0, Avg: 6,8, Max: 9,7, Diff: 9,7, Sum: 54,1]
      [GC Worker End (ms): Min: 232333,2, Avg: 232333,2, Max: 232333,3, Diff: 0,1]
   [Code Root Fixup: 0,0 ms]
   [Code Root Purge: 0,0 ms]
   [Clear CT: 0,1 ms]
   [Other: 9,0 ms]
      [Choose CSet: 0,0 ms]
      [Ref Proc: 8,5 ms]
      [Ref Enq: 0,0 ms]
      [Redirty Cards: 0,1 ms]
      [Humongous Register: 0,1 ms]
      [Humongous Reclaim: 0,0 ms]
      [Free CSet: 0,0 ms]
   [Eden: 46080,0K(46080,0K)->0,0B(46080,0K) Survivors: 6144,0K->6144,0K Heap: 215,2M(1024,0M)->170,5M(1024,0M)]
 [Times: user=0,09 sys=0,00, real=0,02 secs] 
2020-04-18T14:37:16.163+0100: 233,569: [GC pause (G1 Evacuation Pause) (young), 0,0180788 secs]
   [Parallel Time: 15,4 ms, GC Workers: 8]
      [GC Worker Start (ms): Min: 233569,2, Avg: 233574,2, Max: 233581,1, Diff: 11,9]
      [Ext Root Scanning (ms): Min: 0,0, Avg: 0,3, Max: 2,1, Diff: 2,1, Sum: 2,1]
      [Update RS (ms): Min: 0,0, Avg: 2,3, Max: 13,0, Diff: 13,0, Sum: 18,4]
         [Processed Buffers: Min: 0, Avg: 4,1, Max: 11, Diff: 11, Sum: 33]
      [Scan RS (ms): Min: 0,0, Avg: 2,2, Max: 3,1, Diff: 3,1, Sum: 17,9]
      [Code Root Scanning (ms): Min: 0,0, Avg: 0,0, Max: 0,0, Diff: 0,0, Sum: 0,0]
      [Object Copy (ms): Min: 0,2, Avg: 3,9, Max: 5,0, Diff: 4,8, Sum: 31,3]
      [Termination (ms): Min: 0,0, Avg: 1,4, Max: 1,8, Diff: 1,8, Sum: 11,6]
         [Termination Attempts: Min: 1, Avg: 6,5, Max: 12, Diff: 11, Sum: 52]
      [GC Worker Other (ms): Min: 0,0, Avg: 0,0, Max: 0,0, Diff: 0,0, Sum: 0,1]
      [GC Worker Total (ms): Min: 3,4, Avg: 10,2, Max: 15,2, Diff: 11,8, Sum: 81,5]
      [GC Worker End (ms): Min: 233584,4, Avg: 233584,4, Max: 233584,5, Diff: 0,1]
   [Code Root Fixup: 0,0 ms]
   [Code Root Purge: 0,0 ms]
   [Clear CT: 0,1 ms]
   [Other: 2,6 ms]
      [Choose CSet: 0,0 ms]
      [Ref Proc: 2,1 ms]
      [Ref Enq: 0,0 ms]
      [Redirty Cards: 0,1 ms]
      [Humongous Register: 0,1 ms]
      [Humongous Reclaim: 0,0 ms]
      [Free CSet: 0,0 ms]
   [Eden: 46080,0K(46080,0K)->0,0B(45056,0K) Survivors: 6144,0K->7168,0K Heap: 215,5M(1024,0M)->172,3M(1024,0M)]
 [Times: user=0,08 sys=0,00, real=0,02 secs] 
2020-04-18T14:37:17.418+0100: 234,824: [GC pause (G1 Evacuation Pause) (young), 0,0221489 secs]
   [Parallel Time: 19,9 ms, GC Workers: 8]
      [GC Worker Start (ms): Min: 234824,2, Avg: 234828,8, Max: 234831,6, Diff: 7,4]
      [Ext Root Scanning (ms): Min: 0,0, Avg: 0,3, Max: 0,9, Diff: 0,9, Sum: 2,5]
      [Update RS (ms): Min: 0,0, Avg: 1,2, Max: 3,3, Diff: 3,3, Sum: 9,4]
         [Processed Buffers: Min: 0, Avg: 5,1, Max: 25, Diff: 25, Sum: 41]
      [Scan RS (ms): Min: 1,5, Avg: 4,5, Max: 12,2, Diff: 10,7, Sum: 36,4]
      [Code Root Scanning (ms): Min: 0,0, Avg: 0,0, Max: 0,0, Diff: 0,0, Sum: 0,0]
      [Object Copy (ms): Min: 0,0, Avg: 4,1, Max: 5,6, Diff: 5,6, Sum: 33,0]
      [Termination (ms): Min: 0,0, Avg: 2,0, Max: 5,0, Diff: 5,0, Sum: 15,7]
         [Termination Attempts: Min: 1, Avg: 5,0, Max: 11, Diff: 10, Sum: 40]
      [GC Worker Other (ms): Min: 0,0, Avg: 0,0, Max: 0,0, Diff: 0,0, Sum: 0,2]
      [GC Worker Total (ms): Min: 8,9, Avg: 12,2, Max: 16,2, Diff: 7,4, Sum: 97,2]
      [GC Worker End (ms): Min: 234840,4, Avg: 234840,9, Max: 234843,6, Diff: 3,2]
   [Code Root Fixup: 0,0 ms]
   [Code Root Purge: 0,0 ms]
   [Clear CT: 0,1 ms]
   [Other: 2,2 ms]
      [Choose CSet: 0,0 ms]
      [Ref Proc: 1,7 ms]
      [Ref Enq: 0,0 ms]
      [Redirty Cards: 0,1 ms]
      [Humongous Register: 0,1 ms]
      [Humongous Reclaim: 0,0 ms]
      [Free CSet: 0,0 ms]
   [Eden: 45056,0K(45056,0K)->0,0B(47104,0K) Survivors: 7168,0K->5120,0K Heap: 216,3M(1024,0M)->169,9M(1024,0M)]
 [Times: user=0,08 sys=0,00, real=0,02 secs] 
2020-04-18T14:37:18.715+0100: 236,121: [GC pause (G1 Evacuation Pause) (young), 0,0103849 secs]
   [Parallel Time: 7,4 ms, GC Workers: 8]
      [GC Worker Start (ms): Min: 236120,7, Avg: 236120,8, Max: 236121,1, Diff: 0,4]
      [Ext Root Scanning (ms): Min: 0,0, Avg: 0,4, Max: 0,8, Diff: 0,8, Sum: 3,0]
      [Update RS (ms): Min: 0,7, Avg: 1,0, Max: 1,3, Diff: 0,6, Sum: 8,1]
         [Processed Buffers: Min: 2, Avg: 5,9, Max: 20, Diff: 18, Sum: 47]
      [Scan RS (ms): Min: 2,2, Avg: 2,4, Max: 2,4, Diff: 0,3, Sum: 18,9]
      [Code Root Scanning (ms): Min: 0,0, Avg: 0,0, Max: 0,0, Diff: 0,0, Sum: 0,0]
      [Object Copy (ms): Min: 3,4, Avg: 3,4, Max: 3,5, Diff: 0,1, Sum: 27,5]
      [Termination (ms): Min: 0,0, Avg: 0,0, Max: 0,0, Diff: 0,0, Sum: 0,0]
         [Termination Attempts: Min: 1, Avg: 1,0, Max: 1, Diff: 0, Sum: 8]
      [GC Worker Other (ms): Min: 0,0, Avg: 0,0, Max: 0,0, Diff: 0,0, Sum: 0,1]
      [GC Worker Total (ms): Min: 6,9, Avg: 7,2, Max: 7,3, Diff: 0,4, Sum: 57,5]
      [GC Worker End (ms): Min: 236128,0, Avg: 236128,0, Max: 236128,0, Diff: 0,0]
   [Code Root Fixup: 0,0 ms]
   [Code Root Purge: 0,0 ms]
   [Clear CT: 0,2 ms]
   [Other: 2,8 ms]
      [Choose CSet: 0,0 ms]
      [Ref Proc: 2,4 ms]
      [Ref Enq: 0,0 ms]
      [Redirty Cards: 0,1 ms]
      [Humongous Register: 0,0 ms]
      [Humongous Reclaim: 0,0 ms]
      [Free CSet: 0,0 ms]
   [Eden: 47104,0K(47104,0K)->0,0B(45056,0K) Survivors: 5120,0K->7168,0K Heap: 215,9M(1024,0M)->172,6M(1024,0M)]
 [Times: user=0,07 sys=0,00, real=0,01 secs] 
2020-04-18T14:37:19.998+0100: 237,404: [GC pause (G1 Evacuation Pause) (young), 0,0223934 secs]
   [Parallel Time: 15,4 ms, GC Workers: 8]
      [GC Worker Start (ms): Min: 237404,4, Avg: 237407,7, Max: 237413,1, Diff: 8,7]
      [Ext Root Scanning (ms): Min: 0,0, Avg: 0,3, Max: 0,7, Diff: 0,7, Sum: 2,2]
      [Update RS (ms): Min: 0,0, Avg: 1,1, Max: 2,1, Diff: 2,1, Sum: 9,2]
         [Processed Buffers: Min: 0, Avg: 6,1, Max: 17, Diff: 17, Sum: 49]
      [Scan RS (ms): Min: 0,0, Avg: 1,6, Max: 2,6, Diff: 2,6, Sum: 12,8]
      [Code Root Scanning (ms): Min: 0,0, Avg: 0,0, Max: 0,0, Diff: 0,0, Sum: 0,0]
      [Object Copy (ms): Min: 0,1, Avg: 3,3, Max: 10,4, Diff: 10,3, Sum: 26,3]
      [Termination (ms): Min: 0,0, Avg: 5,6, Max: 6,5, Diff: 6,5, Sum: 45,1]
         [Termination Attempts: Min: 1, Avg: 3,0, Max: 7, Diff: 6, Sum: 24]
      [GC Worker Other (ms): Min: 0,0, Avg: 0,0, Max: 0,0, Diff: 0,0, Sum: 0,1]
      [GC Worker Total (ms): Min: 6,5, Avg: 12,0, Max: 15,3, Diff: 8,8, Sum: 95,6]
      [GC Worker End (ms): Min: 237419,6, Avg: 237419,7, Max: 237419,8, Diff: 0,1]
   [Code Root Fixup: 0,0 ms]
   [Code Root Purge: 0,0 ms]
   [Clear CT: 0,3 ms]
   [Other: 6,7 ms]
      [Choose CSet: 0,0 ms]
      [Ref Proc: 6,0 ms]
      [Ref Enq: 0,0 ms]
      [Redirty Cards: 0,1 ms]
      [Humongous Register: 0,1 ms]
      [Humongous Reclaim: 0,0 ms]
      [Free CSet: 0,1 ms]
   [Eden: 45056,0K(45056,0K)->0,0B(45056,0K) Survivors: 7168,0K->7168,0K Heap: 216,6M(1024,0M)->172,7M(1024,0M)]
 [Times: user=0,10 sys=0,00, real=0,02 secs] 
2020-04-18T14:37:24.366+0100: 241,772: [GC pause (G1 Evacuation Pause) (young), 0,0289965 secs]
   [Parallel Time: 22,5 ms, GC Workers: 8]
      [GC Worker Start (ms): Min: 241772,2, Avg: 241772,5, Max: 241772,6, Diff: 0,4]
      [Ext Root Scanning (ms): Min: 0,8, Avg: 1,0, Max: 1,4, Diff: 0,7, Sum: 7,8]
      [Update RS (ms): Min: 3,6, Avg: 4,1, Max: 4,6, Diff: 1,1, Sum: 32,6]
         [Processed Buffers: Min: 2, Avg: 6,8, Max: 18, Diff: 16, Sum: 54]
      [Scan RS (ms): Min: 6,8, Avg: 7,4, Max: 7,7, Diff: 0,9, Sum: 58,9]
      [Code Root Scanning (ms): Min: 0,0, Avg: 0,0, Max: 0,0, Diff: 0,0, Sum: 0,0]
      [Object Copy (ms): Min: 9,6, Avg: 9,7, Max: 9,9, Diff: 0,3, Sum: 77,7]
      [Termination (ms): Min: 0,0, Avg: 0,1, Max: 0,1, Diff: 0,1, Sum: 0,5]
         [Termination Attempts: Min: 1, Avg: 27,4, Max: 39, Diff: 38, Sum: 219]
      [GC Worker Other (ms): Min: 0,0, Avg: 0,0, Max: 0,0, Diff: 0,0, Sum: 0,2]
      [GC Worker Total (ms): Min: 22,1, Avg: 22,2, Max: 22,4, Diff: 0,4, Sum: 177,7]
      [GC Worker End (ms): Min: 241794,7, Avg: 241794,7, Max: 241794,7, Diff: 0,0]
   [Code Root Fixup: 0,0 ms]
   [Code Root Purge: 0,0 ms]
   [Clear CT: 1,2 ms]
   [Other: 5,3 ms]
      [Choose CSet: 0,0 ms]
      [Ref Proc: 3,8 ms]
      [Ref Enq: 0,0 ms]
      [Redirty Cards: 1,0 ms]
      [Humongous Register: 0,1 ms]
      [Humongous Reclaim: 0,0 ms]
      [Free CSet: 0,1 ms]
   [Eden: 45056,0K(45056,0K)->0,0B(46080,0K) Survivors: 7168,0K->6144,0K Heap: 216,7M(1024,0M)->171,8M(1024,0M)]
 [Times: user=0,19 sys=0,00, real=0,04 secs] 
2020-04-18T14:37:32.059+0100: 249,465: [GC pause (G1 Evacuation Pause) (young), 0,0087149 secs]
   [Parallel Time: 7,1 ms, GC Workers: 8]
      [GC Worker Start (ms): Min: 249465,4, Avg: 249465,6, Max: 249466,1, Diff: 0,6]
      [Ext Root Scanning (ms): Min: 0,0, Avg: 0,6, Max: 1,9, Diff: 1,9, Sum: 5,0]
      [Update RS (ms): Min: 0,0, Avg: 1,1, Max: 1,5, Diff: 1,5, Sum: 8,5]
         [Processed Buffers: Min: 0, Avg: 6,0, Max: 19, Diff: 19, Sum: 48]
      [Scan RS (ms): Min: 1,9, Avg: 2,0, Max: 2,1, Diff: 0,2, Sum: 16,2]
      [Code Root Scanning (ms): Min: 0,0, Avg: 0,0, Max: 0,0, Diff: 0,0, Sum: 0,0]
      [Object Copy (ms): Min: 3,0, Avg: 3,1, Max: 3,1, Diff: 0,1, Sum: 24,6]
      [Termination (ms): Min: 0,0, Avg: 0,0, Max: 0,0, Diff: 0,0, Sum: 0,0]
         [Termination Attempts: Min: 1, Avg: 7,2, Max: 12, Diff: 11, Sum: 58]
      [GC Worker Other (ms): Min: 0,0, Avg: 0,0, Max: 0,0, Diff: 0,0, Sum: 0,1]
      [GC Worker Total (ms): Min: 6,3, Avg: 6,8, Max: 7,0, Diff: 0,6, Sum: 54,5]
      [GC Worker End (ms): Min: 249472,4, Avg: 249472,4, Max: 249472,4, Diff: 0,0]
   [Code Root Fixup: 0,0 ms]
   [Code Root Purge: 0,0 ms]
   [Clear CT: 0,3 ms]
   [Other: 1,3 ms]
      [Choose CSet: 0,0 ms]
      [Ref Proc: 0,9 ms]
      [Ref Enq: 0,0 ms]
      [Redirty Cards: 0,2 ms]
      [Humongous Register: 0,0 ms]
      [Humongous Reclaim: 0,0 ms]
      [Free CSet: 0,0 ms]
   [Eden: 46080,0K(46080,0K)->0,0B(45056,0K) Survivors: 6144,0K->7168,0K Heap: 216,8M(1024,0M)->173,0M(1024,0M)]
 [Times: user=0,05 sys=0,00, real=0,01 secs] 
2020-04-18T14:37:39.017+0100: 256,423: [GC pause (G1 Evacuation Pause) (young), 0,0097115 secs]
   [Parallel Time: 8,3 ms, GC Workers: 8]
      [GC Worker Start (ms): Min: 256422,7, Avg: 256423,4, Max: 256427,6, Diff: 4,9]
      [Ext Root Scanning (ms): Min: 0,0, Avg: 0,4, Max: 0,9, Diff: 0,9, Sum: 3,1]
      [Update RS (ms): Min: 0,0, Avg: 1,1, Max: 1,4, Diff: 1,4, Sum: 8,9]
         [Processed Buffers: Min: 0, Avg: 6,2, Max: 28, Diff: 28, Sum: 50]
      [Scan RS (ms): Min: 0,0, Avg: 1,9, Max: 2,3, Diff: 2,3, Sum: 15,4]
      [Code Root Scanning (ms): Min: 0,0, Avg: 0,0, Max: 0,0, Diff: 0,0, Sum: 0,0]
      [Object Copy (ms): Min: 2,4, Avg: 3,3, Max: 4,1, Diff: 1,6, Sum: 26,4]
      [Termination (ms): Min: 0,0, Avg: 0,7, Max: 0,8, Diff: 0,8, Sum: 5,3]
         [Termination Attempts: Min: 1, Avg: 23,2, Max: 32, Diff: 31, Sum: 186]
      [GC Worker Other (ms): Min: 0,0, Avg: 0,0, Max: 0,0, Diff: 0,0, Sum: 0,1]
      [GC Worker Total (ms): Min: 3,2, Avg: 7,4, Max: 8,2, Diff: 5,0, Sum: 59,2]
      [GC Worker End (ms): Min: 256430,8, Avg: 256430,8, Max: 256430,9, Diff: 0,1]
   [Code Root Fixup: 0,0 ms]
   [Code Root Purge: 0,0 ms]
   [Clear CT: 0,1 ms]
   [Other: 1,4 ms]
      [Choose CSet: 0,0 ms]
      [Ref Proc: 1,0 ms]
      [Ref Enq: 0,0 ms]
      [Redirty Cards: 0,1 ms]
      [Humongous Register: 0,0 ms]
      [Humongous Reclaim: 0,0 ms]
      [Free CSet: 0,0 ms]
   [Eden: 45056,0K(45056,0K)->0,0B(263,0M) Survivors: 7168,0K->4096,0K Heap: 217,0M(1024,0M)->170,0M(1024,0M)]
 [Times: user=0,06 sys=0,00, real=0,00 secs] 
2020-04-18T14:37:49.489+0100: 266,895: [GC pause (G1 Evacuation Pause) (young), 0,0291344 secs]
   [Parallel Time: 25,0 ms, GC Workers: 8]
      [GC Worker Start (ms): Min: 266895,8, Avg: 266896,0, Max: 266896,2, Diff: 0,4]
      [Ext Root Scanning (ms): Min: 0,8, Avg: 1,0, Max: 1,7, Diff: 1,0, Sum: 8,1]
      [Update RS (ms): Min: 3,2, Avg: 3,3, Max: 3,4, Diff: 0,2, Sum: 26,2]
         [Processed Buffers: Min: 2, Avg: 6,6, Max: 18, Diff: 16, Sum: 53]
      [Scan RS (ms): Min: 8,2, Avg: 8,8, Max: 9,0, Diff: 0,8, Sum: 70,3]
      [Code Root Scanning (ms): Min: 0,0, Avg: 0,0, Max: 0,0, Diff: 0,0, Sum: 0,0]
      [Object Copy (ms): Min: 10,6, Avg: 10,7, Max: 10,8, Diff: 0,2, Sum: 85,6]
      [Termination (ms): Min: 0,0, Avg: 0,4, Max: 0,5, Diff: 0,5, Sum: 3,0]
         [Termination Attempts: Min: 1, Avg: 2,5, Max: 5, Diff: 4, Sum: 20]
      [GC Worker Other (ms): Min: 0,0, Avg: 0,0, Max: 0,0, Diff: 0,0, Sum: 0,2]
      [GC Worker Total (ms): Min: 24,0, Avg: 24,2, Max: 24,4, Diff: 0,5, Sum: 193,6]
      [GC Worker End (ms): Min: 266920,0, Avg: 266920,2, Max: 266920,3, Diff: 0,3]
   [Code Root Fixup: 0,0 ms]
   [Code Root Purge: 0,0 ms]
   [Clear CT: 1,1 ms]
   [Other: 3,0 ms]
      [Choose CSet: 0,0 ms]
      [Ref Proc: 1,3 ms]
      [Ref Enq: 0,0 ms]
      [Redirty Cards: 1,1 ms]
      [Humongous Register: 0,1 ms]
      [Humongous Reclaim: 0,0 ms]
      [Free CSet: 0,1 ms]
   [Eden: 65536,0K(48128,0K)->0,0B(46080,0K) Survivors: 4096,0K->6144,0K Heap: 234,0M(1024,0M)->171,8M(1024,0M)]
 [Times: user=0,18 sys=0,00, real=0,03 secs] 
2020-04-18T14:39:15.522+0100: 352,928: [GC pause (G1 Evacuation Pause) (young), 0,0370088 secs]
   [Parallel Time: 21,1 ms, GC Workers: 8]
      [GC Worker Start (ms): Min: 352928,2, Avg: 352932,2, Max: 352941,1, Diff: 13,0]
      [Ext Root Scanning (ms): Min: 0,0, Avg: 0,4, Max: 1,1, Diff: 1,1, Sum: 3,1]
      [Update RS (ms): Min: 0,0, Avg: 1,4, Max: 2,8, Diff: 2,8, Sum: 11,0]
         [Processed Buffers: Min: 0, Avg: 7,9, Max: 35, Diff: 35, Sum: 63]
      [Scan RS (ms): Min: 0,1, Avg: 3,9, Max: 11,8, Diff: 11,7, Sum: 31,4]
      [Code Root Scanning (ms): Min: 0,0, Avg: 0,0, Max: 0,0, Diff: 0,0, Sum: 0,0]
      [Object Copy (ms): Min: 0,1, Avg: 4,8, Max: 6,3, Diff: 6,2, Sum: 38,7]
      [Termination (ms): Min: 0,0, Avg: 3,2, Max: 6,5, Diff: 6,5, Sum: 25,6]
         [Termination Attempts: Min: 1, Avg: 11,1, Max: 21, Diff: 20, Sum: 89]
      [GC Worker Other (ms): Min: 0,0, Avg: 0,0, Max: 0,0, Diff: 0,0, Sum: 0,1]
      [GC Worker Total (ms): Min: 8,0, Avg: 13,7, Max: 20,0, Diff: 12,1, Sum: 110,0]
      [GC Worker End (ms): Min: 352943,6, Avg: 352946,0, Max: 352949,1, Diff: 5,5]
   [Code Root Fixup: 0,0 ms]
   [Code Root Purge: 0,0 ms]
   [Clear CT: 0,7 ms]
   [Other: 15,2 ms]
      [Choose CSet: 0,0 ms]
      [Ref Proc: 14,5 ms]
      [Ref Enq: 0,0 ms]
      [Redirty Cards: 0,2 ms]
      [Humongous Register: 0,1 ms]
      [Humongous Reclaim: 0,0 ms]
      [Free CSet: 0,1 ms]
   [Eden: 46080,0K(46080,0K)->0,0B(46080,0K) Survivors: 6144,0K->6144,0K Heap: 216,8M(1024,0M)->172,5M(1024,0M)]
 [Times: user=0,10 sys=0,00, real=0,04 secs] 
2020-04-18T14:39:17.722+0100: 355,128: [GC pause (G1 Evacuation Pause) (young), 0,0481388 secs]
   [Parallel Time: 38,4 ms, GC Workers: 8]
      [GC Worker Start (ms): Min: 355128,6, Avg: 355137,4, Max: 355145,5, Diff: 16,9]
      [Ext Root Scanning (ms): Min: 0,0, Avg: 0,3, Max: 1,3, Diff: 1,3, Sum: 2,5]
      [Update RS (ms): Min: 0,0, Avg: 3,1, Max: 15,1, Diff: 15,1, Sum: 25,0]
         [Processed Buffers: Min: 0, Avg: 6,5, Max: 26, Diff: 26, Sum: 52]
      [Scan RS (ms): Min: 0,1, Avg: 11,8, Max: 26,7, Diff: 26,5, Sum: 94,1]
      [Code Root Scanning (ms): Min: 0,0, Avg: 0,0, Max: 0,0, Diff: 0,0, Sum: 0,0]
      [Object Copy (ms): Min: 0,0, Avg: 8,3, Max: 15,4, Diff: 15,4, Sum: 66,1]
      [Termination (ms): Min: 0,0, Avg: 2,6, Max: 6,2, Diff: 6,2, Sum: 21,0]
         [Termination Attempts: Min: 1, Avg: 1,6, Max: 5, Diff: 4, Sum: 13]
      [GC Worker Other (ms): Min: 0,0, Avg: 0,0, Max: 0,0, Diff: 0,0, Sum: 0,1]
      [GC Worker Total (ms): Min: 17,2, Avg: 26,1, Max: 37,7, Diff: 20,5, Sum: 208,9]
      [GC Worker End (ms): Min: 355162,2, Avg: 355163,5, Max: 355166,3, Diff: 4,1]
   [Code Root Fixup: 0,0 ms]
   [Code Root Purge: 0,0 ms]
   [Clear CT: 1,2 ms]
   [Other: 8,4 ms]
      [Choose CSet: 0,0 ms]
      [Ref Proc: 5,2 ms]
      [Ref Enq: 0,0 ms]
      [Redirty Cards: 2,6 ms]
      [Humongous Register: 0,1 ms]
      [Humongous Reclaim: 0,1 ms]
      [Free CSet: 0,1 ms]
   [Eden: 46080,0K(46080,0K)->0,0B(45056,0K) Survivors: 6144,0K->7168,0K Heap: 217,5M(1024,0M)->173,9M(1024,0M)]
 [Times: user=0,10 sys=0,00, real=0,05 secs] 
2020-04-18T14:40:56.897+0100: 454,303: [GC pause (G1 Evacuation Pause) (young), 0,0363280 secs]
   [Parallel Time: 30,4 ms, GC Workers: 8]
      [GC Worker Start (ms): Min: 454303,4, Avg: 454311,5, Max: 454321,2, Diff: 17,8]
      [Ext Root Scanning (ms): Min: 0,0, Avg: 0,3, Max: 1,0, Diff: 1,0, Sum: 2,6]
      [Update RS (ms): Min: 0,0, Avg: 1,4, Max: 3,9, Diff: 3,9, Sum: 11,5]
         [Processed Buffers: Min: 0, Avg: 7,1, Max: 33, Diff: 33, Sum: 57]
      [Scan RS (ms): Min: 0,0, Avg: 3,4, Max: 5,9, Diff: 5,9, Sum: 27,4]
      [Code Root Scanning (ms): Min: 0,0, Avg: 0,0, Max: 0,0, Diff: 0,0, Sum: 0,0]
      [Object Copy (ms): Min: 0,0, Avg: 4,3, Max: 6,9, Diff: 6,9, Sum: 34,2]
      [Termination (ms): Min: 0,0, Avg: 2,1, Max: 12,8, Diff: 12,8, Sum: 16,6]
         [Termination Attempts: Min: 1, Avg: 2,9, Max: 6, Diff: 5, Sum: 23]
      [GC Worker Other (ms): Min: 0,0, Avg: 0,0, Max: 0,0, Diff: 0,0, Sum: 0,1]
      [GC Worker Total (ms): Min: 0,0, Avg: 11,6, Max: 30,3, Diff: 30,3, Sum: 92,4]
      [GC Worker End (ms): Min: 454321,2, Avg: 454323,1, Max: 454333,7, Diff: 12,5]
   [Code Root Fixup: 0,0 ms]
   [Code Root Purge: 0,0 ms]
   [Clear CT: 0,8 ms]
   [Other: 5,1 ms]
      [Choose CSet: 0,0 ms]
      [Ref Proc: 4,6 ms]
      [Ref Enq: 0,0 ms]
      [Redirty Cards: 0,1 ms]
      [Humongous Register: 0,1 ms]
      [Humongous Reclaim: 0,0 ms]
      [Free CSet: 0,1 ms]
   [Eden: 45056,0K(45056,0K)->0,0B(46080,0K) Survivors: 7168,0K->6144,0K Heap: 217,9M(1024,0M)->172,9M(1024,0M)]
 [Times: user=0,09 sys=0,00, real=0,03 secs] 
2020-04-18T14:41:23.164+0100: 480,570: [GC pause (G1 Evacuation Pause) (young), 0,0485445 secs]
   [Parallel Time: 43,3 ms, GC Workers: 8]
      [GC Worker Start (ms): Min: 480569,9, Avg: 480572,7, Max: 480580,3, Diff: 10,4]
      [Ext Root Scanning (ms): Min: 0,0, Avg: 2,9, Max: 16,2, Diff: 16,2, Sum: 23,5]
      [Update RS (ms): Min: 0,0, Avg: 6,6, Max: 26,0, Diff: 26,0, Sum: 52,5]
         [Processed Buffers: Min: 0, Avg: 7,4, Max: 28, Diff: 28, Sum: 59]
      [Scan RS (ms): Min: 0,0, Avg: 4,6, Max: 14,5, Diff: 14,5, Sum: 36,6]
      [Code Root Scanning (ms): Min: 0,0, Avg: 0,0, Max: 0,0, Diff: 0,0, Sum: 0,1]
      [Object Copy (ms): Min: 5,0, Avg: 15,1, Max: 28,8, Diff: 23,8, Sum: 121,2]
      [Termination (ms): Min: 0,0, Avg: 10,4, Max: 12,7, Diff: 12,7, Sum: 83,4]
         [Termination Attempts: Min: 1, Avg: 3,0, Max: 9, Diff: 8, Sum: 24]
      [GC Worker Other (ms): Min: 0,0, Avg: 0,1, Max: 0,7, Diff: 0,7, Sum: 0,8]
      [GC Worker Total (ms): Min: 31,6, Avg: 39,7, Max: 42,8, Diff: 11,2, Sum: 318,0]
      [GC Worker End (ms): Min: 480612,0, Avg: 480612,5, Max: 480613,2, Diff: 1,2]
   [Code Root Fixup: 0,0 ms]
   [Code Root Purge: 0,0 ms]
   [Clear CT: 0,1 ms]
   [Other: 5,1 ms]
      [Choose CSet: 0,0 ms]
      [Ref Proc: 4,6 ms]
      [Ref Enq: 0,0 ms]
      [Redirty Cards: 0,1 ms]
      [Humongous Register: 0,1 ms]
      [Humongous Reclaim: 0,0 ms]
      [Free CSet: 0,0 ms]
   [Eden: 46080,0K(46080,0K)->0,0B(45056,0K) Survivors: 6144,0K->7168,0K Heap: 217,9M(1024,0M)->174,8M(1024,0M)]
 [Times: user=0,14 sys=0,00, real=0,05 secs] 
2020-04-18T14:41:29.818+0100: 487,224: [GC pause (G1 Evacuation Pause) (young), 0,0324323 secs]
   [Parallel Time: 29,2 ms, GC Workers: 8]
      [GC Worker Start (ms): Min: 487224,1, Avg: 487224,4, Max: 487224,7, Diff: 0,6]
      [Ext Root Scanning (ms): Min: 0,8, Avg: 1,2, Max: 1,9, Diff: 1,1, Sum: 9,9]
      [Update RS (ms): Min: 3,3, Avg: 3,8, Max: 4,9, Diff: 1,6, Sum: 30,8]
         [Processed Buffers: Min: 2, Avg: 6,5, Max: 12, Diff: 10, Sum: 52]
      [Scan RS (ms): Min: 9,3, Avg: 10,3, Max: 11,0, Diff: 1,7, Sum: 82,6]
      [Code Root Scanning (ms): Min: 0,0, Avg: 0,0, Max: 0,1, Diff: 0,1, Sum: 0,1]
      [Object Copy (ms): Min: 12,8, Avg: 12,9, Max: 13,0, Diff: 0,2, Sum: 103,2]
      [Termination (ms): Min: 0,0, Avg: 0,0, Max: 0,0, Diff: 0,0, Sum: 0,1]
         [Termination Attempts: Min: 1, Avg: 4,5, Max: 7, Diff: 6, Sum: 36]
      [GC Worker Other (ms): Min: 0,0, Avg: 0,0, Max: 0,0, Diff: 0,0, Sum: 0,2]
      [GC Worker Total (ms): Min: 28,0, Avg: 28,4, Max: 28,6, Diff: 0,6, Sum: 226,9]
      [GC Worker End (ms): Min: 487252,7, Avg: 487252,7, Max: 487252,7, Diff: 0,0]
   [Code Root Fixup: 0,0 ms]
   [Code Root Purge: 0,0 ms]
   [Clear CT: 0,9 ms]
   [Other: 2,3 ms]
      [Choose CSet: 0,0 ms]
      [Ref Proc: 1,0 ms]
      [Ref Enq: 0,0 ms]
      [Redirty Cards: 0,9 ms]
      [Humongous Register: 0,1 ms]
      [Humongous Reclaim: 0,0 ms]
      [Free CSet: 0,1 ms]
   [Eden: 45056,0K(45056,0K)->0,0B(45056,0K) Survivors: 7168,0K->7168,0K Heap: 218,8M(1024,0M)->175,8M(1024,0M)]
 [Times: user=0,22 sys=0,00, real=0,03 secs] 
2020-04-18T14:43:58.822+0100: 636,228: [GC pause (G1 Evacuation Pause) (young), 0,0325945 secs]
   [Parallel Time: 29,5 ms, GC Workers: 8]
      [GC Worker Start (ms): Min: 636228,6, Avg: 636228,8, Max: 636229,1, Diff: 0,5]
      [Ext Root Scanning (ms): Min: 1,0, Avg: 1,2, Max: 1,9, Diff: 0,9, Sum: 9,8]
      [Update RS (ms): Min: 3,5, Avg: 3,8, Max: 4,1, Diff: 0,6, Sum: 30,3]
         [Processed Buffers: Min: 2, Avg: 7,4, Max: 25, Diff: 23, Sum: 59]
      [Scan RS (ms): Min: 9,2, Avg: 9,6, Max: 9,9, Diff: 0,7, Sum: 76,6]
      [Code Root Scanning (ms): Min: 0,0, Avg: 0,0, Max: 0,2, Diff: 0,2, Sum: 0,3]
      [Object Copy (ms): Min: 14,3, Avg: 14,4, Max: 14,6, Diff: 0,3, Sum: 115,5]
      [Termination (ms): Min: 0,0, Avg: 0,0, Max: 0,0, Diff: 0,0, Sum: 0,1]
         [Termination Attempts: Min: 1, Avg: 10,5, Max: 16, Diff: 15, Sum: 84]
      [GC Worker Other (ms): Min: 0,0, Avg: 0,0, Max: 0,0, Diff: 0,0, Sum: 0,2]
      [GC Worker Total (ms): Min: 28,9, Avg: 29,1, Max: 29,4, Diff: 0,5, Sum: 232,8]
      [GC Worker End (ms): Min: 636257,9, Avg: 636257,9, Max: 636257,9, Diff: 0,0]
   [Code Root Fixup: 0,0 ms]
   [Code Root Purge: 0,0 ms]
   [Clear CT: 0,8 ms]
   [Other: 2,3 ms]
      [Choose CSet: 0,0 ms]
      [Ref Proc: 0,9 ms]
      [Ref Enq: 0,0 ms]
      [Redirty Cards: 0,7 ms]
      [Humongous Register: 0,1 ms]
      [Humongous Reclaim: 0,0 ms]
      [Free CSet: 0,1 ms]
   [Eden: 45056,0K(45056,0K)->0,0B(46080,0K) Survivors: 7168,0K->6144,0K Heap: 219,8M(1024,0M)->175,6M(1024,0M)]
 [Times: user=0,22 sys=0,00, real=0,03 secs] 
2020-04-18T14:46:27.700+0100: 785,106: [GC pause (G1 Evacuation Pause) (young), 0,0195894 secs]
   [Parallel Time: 17,2 ms, GC Workers: 8]
      [GC Worker Start (ms): Min: 785106,0, Avg: 785106,3, Max: 785106,5, Diff: 0,5]
      [Ext Root Scanning (ms): Min: 0,8, Avg: 1,2, Max: 2,0, Diff: 1,1, Sum: 9,5]
      [Update RS (ms): Min: 3,0, Avg: 3,5, Max: 4,0, Diff: 1,0, Sum: 28,2]
         [Processed Buffers: Min: 1, Avg: 7,0, Max: 18, Diff: 17, Sum: 56]
      [Scan RS (ms): Min: 3,4, Avg: 3,9, Max: 4,1, Diff: 0,7, Sum: 30,8]
      [Code Root Scanning (ms): Min: 0,0, Avg: 0,0, Max: 0,1, Diff: 0,1, Sum: 0,2]
      [Object Copy (ms): Min: 8,0, Avg: 8,2, Max: 8,3, Diff: 0,3, Sum: 65,4]
      [Termination (ms): Min: 0,0, Avg: 0,0, Max: 0,0, Diff: 0,0, Sum: 0,0]
         [Termination Attempts: Min: 1, Avg: 1,0, Max: 1, Diff: 0, Sum: 8]
      [GC Worker Other (ms): Min: 0,0, Avg: 0,0, Max: 0,0, Diff: 0,0, Sum: 0,1]
      [GC Worker Total (ms): Min: 16,5, Avg: 16,8, Max: 17,0, Diff: 0,5, Sum: 134,2]
      [GC Worker End (ms): Min: 785123,0, Avg: 785123,0, Max: 785123,0, Diff: 0,0]
   [Code Root Fixup: 0,0 ms]
   [Code Root Purge: 0,0 ms]
   [Clear CT: 0,8 ms]
   [Other: 1,6 ms]
      [Choose CSet: 0,0 ms]
      [Ref Proc: 0,5 ms]
      [Ref Enq: 0,0 ms]
      [Redirty Cards: 0,7 ms]
      [Humongous Register: 0,1 ms]
      [Humongous Reclaim: 0,0 ms]
      [Free CSet: 0,0 ms]
   [Eden: 46080,0K(46080,0K)->0,0B(45056,0K) Survivors: 6144,0K->7168,0K Heap: 220,6M(1024,0M)->179,2M(1024,0M)]
 [Times: user=0,12 sys=0,01, real=0,02 secs] 
2020-04-18T14:48:52.913+0100: 930,320: [GC pause (G1 Evacuation Pause) (young), 0,0359605 secs]
   [Parallel Time: 32,0 ms, GC Workers: 8]
      [GC Worker Start (ms): Min: 930319,9, Avg: 930320,2, Max: 930320,4, Diff: 0,4]
      [Ext Root Scanning (ms): Min: 0,6, Avg: 1,2, Max: 1,9, Diff: 1,3, Sum: 9,3]
      [Update RS (ms): Min: 2,1, Avg: 2,7, Max: 3,3, Diff: 1,2, Sum: 21,8]
         [Processed Buffers: Min: 1, Avg: 6,8, Max: 30, Diff: 29, Sum: 54]
      [Scan RS (ms): Min: 5,5, Avg: 6,0, Max: 6,6, Diff: 1,1, Sum: 48,1]
      [Code Root Scanning (ms): Min: 0,0, Avg: 0,0, Max: 0,2, Diff: 0,2, Sum: 0,2]
      [Object Copy (ms): Min: 21,2, Avg: 21,6, Max: 22,0, Diff: 0,7, Sum: 172,7]
      [Termination (ms): Min: 0,0, Avg: 0,0, Max: 0,0, Diff: 0,0, Sum: 0,2]
         [Termination Attempts: Min: 1, Avg: 7,8, Max: 11, Diff: 10, Sum: 62]
      [GC Worker Other (ms): Min: 0,0, Avg: 0,0, Max: 0,0, Diff: 0,0, Sum: 0,3]
      [GC Worker Total (ms): Min: 31,4, Avg: 31,6, Max: 31,8, Diff: 0,4, Sum: 252,6]
      [GC Worker End (ms): Min: 930351,7, Avg: 930351,7, Max: 930351,7, Diff: 0,0]
   [Code Root Fixup: 0,0 ms]
   [Code Root Purge: 0,0 ms]
   [Clear CT: 1,0 ms]
   [Other: 2,9 ms]
      [Choose CSet: 0,0 ms]
      [Ref Proc: 1,1 ms]
      [Ref Enq: 0,0 ms]
      [Redirty Cards: 1,1 ms]
      [Humongous Register: 0,1 ms]
      [Humongous Reclaim: 0,0 ms]
      [Free CSet: 0,1 ms]
   [Eden: 45056,0K(45056,0K)->0,0B(45056,0K) Survivors: 7168,0K->7168,0K Heap: 223,2M(1024,0M)->183,8M(1024,0M)]
 [Times: user=0,25 sys=0,01, real=0,04 secs] 
2020-04-18T14:51:17.245+0100: 1074,651: [GC pause (G1 Evacuation Pause) (young), 0,0342652 secs]
   [Parallel Time: 29,9 ms, GC Workers: 8]
      [GC Worker Start (ms): Min: 1074651,7, Avg: 1074652,7, Max: 1074654,0, Diff: 2,3]
      [Ext Root Scanning (ms): Min: 0,0, Avg: 1,2, Max: 2,3, Diff: 2,3, Sum: 9,7]
      [Update RS (ms): Min: 1,7, Avg: 2,2, Max: 2,6, Diff: 0,9, Sum: 17,6]
         [Processed Buffers: Min: 1, Avg: 6,5, Max: 19, Diff: 18, Sum: 52]
      [Scan RS (ms): Min: 2,7, Avg: 3,2, Max: 3,8, Diff: 1,0, Sum: 25,4]
      [Code Root Scanning (ms): Min: 0,0, Avg: 0,0, Max: 0,1, Diff: 0,1, Sum: 0,1]
      [Object Copy (ms): Min: 21,7, Avg: 21,9, Max: 22,1, Diff: 0,4, Sum: 175,4]
      [Termination (ms): Min: 0,0, Avg: 0,2, Max: 0,2, Diff: 0,2, Sum: 1,4]
         [Termination Attempts: Min: 1, Avg: 1,5, Max: 2, Diff: 1, Sum: 12]
      [GC Worker Other (ms): Min: 0,0, Avg: 0,0, Max: 0,0, Diff: 0,0, Sum: 0,2]
      [GC Worker Total (ms): Min: 27,4, Avg: 28,7, Max: 29,7, Diff: 2,2, Sum: 229,8]
      [GC Worker End (ms): Min: 1074681,4, Avg: 1074681,4, Max: 1074681,5, Diff: 0,1]
   [Code Root Fixup: 0,0 ms]
   [Code Root Purge: 0,0 ms]
   [Clear CT: 1,0 ms]
   [Other: 3,4 ms]
      [Choose CSet: 0,0 ms]
      [Ref Proc: 1,5 ms]
      [Ref Enq: 0,0 ms]
      [Redirty Cards: 1,1 ms]
      [Humongous Register: 0,1 ms]
      [Humongous Reclaim: 0,0 ms]
      [Free CSet: 0,1 ms]
   [Eden: 45056,0K(45056,0K)->0,0B(45056,0K) Survivors: 7168,0K->7168,0K Heap: 227,8M(1024,0M)->190,3M(1024,0M)]
 [Times: user=0,23 sys=0,00, real=0,04 secs] 
2020-04-18T14:53:42.525+0100: 1219,931: [GC pause (G1 Evacuation Pause) (young), 0,0320851 secs]
   [Parallel Time: 28,3 ms, GC Workers: 8]
      [GC Worker Start (ms): Min: 1219931,7, Avg: 1219932,0, Max: 1219932,2, Diff: 0,5]
      [Ext Root Scanning (ms): Min: 1,1, Avg: 1,4, Max: 1,9, Diff: 0,8, Sum: 10,9]
      [Update RS (ms): Min: 2,1, Avg: 2,6, Max: 3,3, Diff: 1,2, Sum: 20,5]
         [Processed Buffers: Min: 1, Avg: 5,2, Max: 13, Diff: 12, Sum: 42]
      [Scan RS (ms): Min: 1,1, Avg: 1,9, Max: 2,3, Diff: 1,2, Sum: 15,0]
      [Code Root Scanning (ms): Min: 0,0, Avg: 0,0, Max: 0,1, Diff: 0,1, Sum: 0,1]
      [Object Copy (ms): Min: 22,0, Avg: 22,1, Max: 22,2, Diff: 0,2, Sum: 176,6]
      [Termination (ms): Min: 0,0, Avg: 0,0, Max: 0,0, Diff: 0,0, Sum: 0,2]
         [Termination Attempts: Min: 1, Avg: 10,2, Max: 15, Diff: 14, Sum: 82]
      [GC Worker Other (ms): Min: 0,0, Avg: 0,0, Max: 0,0, Diff: 0,0, Sum: 0,3]
      [GC Worker Total (ms): Min: 27,7, Avg: 27,9, Max: 28,2, Diff: 0,5, Sum: 223,5]
      [GC Worker End (ms): Min: 1219959,9, Avg: 1219959,9, Max: 1219959,9, Diff: 0,0]
   [Code Root Fixup: 0,0 ms]
   [Code Root Purge: 0,0 ms]
   [Clear CT: 0,8 ms]
   [Other: 2,9 ms]
      [Choose CSet: 0,0 ms]
      [Ref Proc: 1,5 ms]
      [Ref Enq: 0,0 ms]
      [Redirty Cards: 0,8 ms]
      [Humongous Register: 0,1 ms]
      [Humongous Reclaim: 0,0 ms]
      [Free CSet: 0,1 ms]
   [Eden: 45056,0K(45056,0K)->0,0B(45056,0K) Survivors: 7168,0K->7168,0K Heap: 234,3M(1024,0M)->196,4M(1024,0M)]
 [Times: user=0,22 sys=0,01, real=0,04 secs] 
2020-04-18T14:56:07.588+0100: 1364,994: [GC pause (G1 Evacuation Pause) (young), 0,0317603 secs]
   [Parallel Time: 27,1 ms, GC Workers: 8]
      [GC Worker Start (ms): Min: 1364994,9, Avg: 1364995,1, Max: 1364995,3, Diff: 0,4]
      [Ext Root Scanning (ms): Min: 0,9, Avg: 1,2, Max: 1,8, Diff: 1,0, Sum: 9,7]
      [Update RS (ms): Min: 0,2, Avg: 1,3, Max: 2,5, Diff: 2,3, Sum: 10,3]
         [Processed Buffers: Min: 1, Avg: 4,8, Max: 16, Diff: 15, Sum: 38]
      [Scan RS (ms): Min: 1,0, Avg: 2,1, Max: 2,5, Diff: 1,5, Sum: 16,6]
      [Code Root Scanning (ms): Min: 0,0, Avg: 0,0, Max: 0,1, Diff: 0,1, Sum: 0,1]
      [Object Copy (ms): Min: 21,7, Avg: 22,0, Max: 22,9, Diff: 1,2, Sum: 176,4]
      [Termination (ms): Min: 0,0, Avg: 0,0, Max: 0,0, Diff: 0,0, Sum: 0,0]
         [Termination Attempts: Min: 1, Avg: 1,5, Max: 2, Diff: 1, Sum: 12]
      [GC Worker Other (ms): Min: 0,0, Avg: 0,0, Max: 0,0, Diff: 0,0, Sum: 0,3]
      [GC Worker Total (ms): Min: 26,5, Avg: 26,7, Max: 26,9, Diff: 0,4, Sum: 213,3]
      [GC Worker End (ms): Min: 1365021,8, Avg: 1365021,8, Max: 1365021,8, Diff: 0,0]
   [Code Root Fixup: 0,0 ms]
   [Code Root Purge: 0,0 ms]
   [Clear CT: 1,2 ms]
   [Other: 3,5 ms]
      [Choose CSet: 0,0 ms]
      [Ref Proc: 1,5 ms]
      [Ref Enq: 0,0 ms]
      [Redirty Cards: 1,3 ms]
      [Humongous Register: 0,1 ms]
      [Humongous Reclaim: 0,0 ms]
      [Free CSet: 0,1 ms]
   [Eden: 45056,0K(45056,0K)->0,0B(45056,0K) Survivors: 7168,0K->7168,0K Heap: 240,4M(1024,0M)->202,4M(1024,0M)]
 [Times: user=0,22 sys=0,00, real=0,03 secs] 
2020-04-18T14:58:32.797+0100: 1510,203: [GC pause (G1 Evacuation Pause) (young), 0,0331133 secs]
   [Parallel Time: 26,9 ms, GC Workers: 8]
      [GC Worker Start (ms): Min: 1510203,1, Avg: 1510203,4, Max: 1510203,5, Diff: 0,4]
      [Ext Root Scanning (ms): Min: 1,1, Avg: 1,3, Max: 1,8, Diff: 0,6, Sum: 10,6]
      [Update RS (ms): Min: 0,9, Avg: 1,1, Max: 1,4, Diff: 0,5, Sum: 9,1]
         [Processed Buffers: Min: 1, Avg: 5,8, Max: 15, Diff: 14, Sum: 46]
      [Scan RS (ms): Min: 1,6, Avg: 1,9, Max: 2,5, Diff: 0,9, Sum: 15,5]
      [Code Root Scanning (ms): Min: 0,0, Avg: 0,0, Max: 0,1, Diff: 0,1, Sum: 0,1]
      [Object Copy (ms): Min: 21,7, Avg: 22,1, Max: 22,4, Diff: 0,7, Sum: 176,7]
      [Termination (ms): Min: 0,0, Avg: 0,0, Max: 0,0, Diff: 0,0, Sum: 0,1]
         [Termination Attempts: Min: 1, Avg: 2,1, Max: 4, Diff: 3, Sum: 17]
      [GC Worker Other (ms): Min: 0,0, Avg: 0,0, Max: 0,0, Diff: 0,0, Sum: 0,2]
      [GC Worker Total (ms): Min: 26,4, Avg: 26,5, Max: 26,8, Diff: 0,4, Sum: 212,3]
      [GC Worker End (ms): Min: 1510229,9, Avg: 1510229,9, Max: 1510229,9, Diff: 0,0]
   [Code Root Fixup: 0,0 ms]
   [Code Root Purge: 0,0 ms]
   [Clear CT: 1,0 ms]
   [Other: 5,2 ms]
      [Choose CSet: 0,0 ms]
      [Ref Proc: 3,3 ms]
      [Ref Enq: 0,0 ms]
      [Redirty Cards: 1,2 ms]
      [Humongous Register: 0,1 ms]
      [Humongous Reclaim: 0,0 ms]
      [Free CSet: 0,1 ms]
   [Eden: 45056,0K(45056,0K)->0,0B(45056,0K) Survivors: 7168,0K->7168,0K Heap: 246,4M(1024,0M)->208,4M(1024,0M)]
 [Times: user=0,22 sys=0,01, real=0,03 secs] 
2020-04-18T15:00:56.971+0100: 1654,377: [GC pause (G1 Evacuation Pause) (young), 0,0143449 secs]
   [Parallel Time: 13,2 ms, GC Workers: 8]
      [GC Worker Start (ms): Min: 1654377,2, Avg: 1654377,4, Max: 1654377,6, Diff: 0,4]
      [Ext Root Scanning (ms): Min: 1,0, Avg: 1,2, Max: 1,9, Diff: 0,9, Sum: 9,8]
      [Update RS (ms): Min: 0,9, Avg: 1,2, Max: 1,5, Diff: 0,5, Sum: 9,2]
         [Processed Buffers: Min: 1, Avg: 5,2, Max: 10, Diff: 9, Sum: 42]
      [Scan RS (ms): Min: 0,5, Avg: 0,8, Max: 1,1, Diff: 0,6, Sum: 6,4]
      [Code Root Scanning (ms): Min: 0,0, Avg: 0,0, Max: 0,0, Diff: 0,0, Sum: 0,0]
      [Object Copy (ms): Min: 8,4, Avg: 8,7, Max: 9,3, Diff: 0,9, Sum: 69,4]
      [Termination (ms): Min: 0,0, Avg: 0,8, Max: 0,9, Diff: 0,9, Sum: 6,1]
         [Termination Attempts: Min: 1, Avg: 10,2, Max: 17, Diff: 16, Sum: 82]
      [GC Worker Other (ms): Min: 0,0, Avg: 0,0, Max: 0,0, Diff: 0,0, Sum: 0,1]
      [GC Worker Total (ms): Min: 12,4, Avg: 12,6, Max: 12,8, Diff: 0,4, Sum: 101,0]
      [GC Worker End (ms): Min: 1654389,9, Avg: 1654390,0, Max: 1654390,1, Diff: 0,2]
   [Code Root Fixup: 0,0 ms]
   [Code Root Purge: 0,0 ms]
   [Clear CT: 0,1 ms]
   [Other: 1,0 ms]
      [Choose CSet: 0,0 ms]
      [Ref Proc: 0,4 ms]
      [Ref Enq: 0,0 ms]
      [Redirty Cards: 0,1 ms]
      [Humongous Register: 0,1 ms]
      [Humongous Reclaim: 0,0 ms]
      [Free CSet: 0,0 ms]
   [Eden: 45056,0K(45056,0K)->0,0B(45056,0K) Survivors: 7168,0K->7168,0K Heap: 252,4M(1024,0M)->214,4M(1024,0M)]
 [Times: user=0,10 sys=0,00, real=0,01 secs] 
2020-04-18T15:03:21.779+0100: 1799,185: [GC pause (G1 Evacuation Pause) (young), 0,0331675 secs]
   [Parallel Time: 28,9 ms, GC Workers: 8]
      [GC Worker Start (ms): Min: 1799185,9, Avg: 1799186,1, Max: 1799186,3, Diff: 0,5]
      [Ext Root Scanning (ms): Min: 1,0, Avg: 1,2, Max: 1,8, Diff: 0,8, Sum: 9,6]
      [Update RS (ms): Min: 1,3, Avg: 1,6, Max: 2,0, Diff: 0,7, Sum: 13,0]
         [Processed Buffers: Min: 1, Avg: 5,1, Max: 18, Diff: 17, Sum: 41]
      [Scan RS (ms): Min: 1,4, Avg: 1,7, Max: 2,0, Diff: 0,6, Sum: 13,9]
      [Code Root Scanning (ms): Min: 0,0, Avg: 0,0, Max: 0,0, Diff: 0,0, Sum: 0,0]
      [Object Copy (ms): Min: 23,3, Avg: 23,4, Max: 23,5, Diff: 0,2, Sum: 186,9]
      [Termination (ms): Min: 0,0, Avg: 0,0, Max: 0,0, Diff: 0,0, Sum: 0,0]
         [Termination Attempts: Min: 1, Avg: 1,0, Max: 1, Diff: 0, Sum: 8]
      [GC Worker Other (ms): Min: 0,0, Avg: 0,0, Max: 0,1, Diff: 0,1, Sum: 0,4]
      [GC Worker Total (ms): Min: 27,8, Avg: 28,0, Max: 28,2, Diff: 0,5, Sum: 223,8]
      [GC Worker End (ms): Min: 1799214,1, Avg: 1799214,1, Max: 1799214,1, Diff: 0,0]
   [Code Root Fixup: 0,0 ms]
   [Code Root Purge: 0,0 ms]
   [Clear CT: 1,1 ms]
   [Other: 3,2 ms]
      [Choose CSet: 0,0 ms]
      [Ref Proc: 1,6 ms]
      [Ref Enq: 0,0 ms]
      [Redirty Cards: 1,0 ms]
      [Humongous Register: 0,1 ms]
      [Humongous Reclaim: 0,0 ms]
      [Free CSet: 0,1 ms]
   [Eden: 45056,0K(45056,0K)->0,0B(45056,0K) Survivors: 7168,0K->7168,0K Heap: 258,4M(1024,0M)->220,4M(1024,0M)]
 [Times: user=0,21 sys=0,01, real=0,03 secs] 
2020-04-18T15:05:46.186+0100: 1943,592: [GC pause (G1 Evacuation Pause) (young), 0,0307390 secs]
   [Parallel Time: 27,4 ms, GC Workers: 8]
      [GC Worker Start (ms): Min: 1943592,5, Avg: 1943592,8, Max: 1943593,0, Diff: 0,4]
      [Ext Root Scanning (ms): Min: 0,9, Avg: 1,1, Max: 1,6, Diff: 0,7, Sum: 8,6]
      [Update RS (ms): Min: 1,2, Avg: 1,7, Max: 2,7, Diff: 1,5, Sum: 13,3]
         [Processed Buffers: Min: 1, Avg: 5,6, Max: 11, Diff: 10, Sum: 45]
      [Scan RS (ms): Min: 0,6, Avg: 1,6, Max: 2,2, Diff: 1,6, Sum: 12,6]
      [Code Root Scanning (ms): Min: 0,0, Avg: 0,0, Max: 0,0, Diff: 0,0, Sum: 0,0]
      [Object Copy (ms): Min: 22,4, Avg: 22,7, Max: 22,8, Diff: 0,5, Sum: 181,4]
      [Termination (ms): Min: 0,0, Avg: 0,0, Max: 0,0, Diff: 0,0, Sum: 0,1]
         [Termination Attempts: Min: 1, Avg: 1,0, Max: 1, Diff: 0, Sum: 8]
      [GC Worker Other (ms): Min: 0,0, Avg: 0,0, Max: 0,0, Diff: 0,0, Sum: 0,2]
      [GC Worker Total (ms): Min: 26,9, Avg: 27,0, Max: 27,3, Diff: 0,4, Sum: 216,3]
      [GC Worker End (ms): Min: 1943619,8, Avg: 1943619,8, Max: 1943619,8, Diff: 0,0]
   [Code Root Fixup: 0,0 ms]
   [Code Root Purge: 0,0 ms]
   [Clear CT: 0,7 ms]
   [Other: 2,6 ms]
      [Choose CSet: 0,0 ms]
      [Ref Proc: 1,1 ms]
      [Ref Enq: 0,0 ms]
      [Redirty Cards: 0,9 ms]
      [Humongous Register: 0,1 ms]
      [Humongous Reclaim: 0,0 ms]
      [Free CSet: 0,1 ms]
   [Eden: 45056,0K(45056,0K)->0,0B(45056,0K) Survivors: 7168,0K->7168,0K Heap: 264,4M(1024,0M)->226,4M(1024,0M)]
 [Times: user=0,20 sys=0,02, real=0,04 secs] 
2020-04-18T15:07:40.250+0100: 2057,656: [GC pause (G1 Evacuation Pause) (young), 0,0272418 secs]
   [Parallel Time: 24,9 ms, GC Workers: 8]
      [GC Worker Start (ms): Min: 2057656,3, Avg: 2057661,2, Max: 2057669,2, Diff: 12,8]
      [Ext Root Scanning (ms): Min: 0,0, Avg: 1,1, Max: 5,2, Diff: 5,1, Sum: 9,1]
      [Update RS (ms): Min: 0,0, Avg: 0,5, Max: 1,3, Diff: 1,3, Sum: 4,2]
         [Processed Buffers: Min: 0, Avg: 5,9, Max: 16, Diff: 16, Sum: 47]
      [Scan RS (ms): Min: 0,0, Avg: 0,6, Max: 1,2, Diff: 1,2, Sum: 4,4]
      [Code Root Scanning (ms): Min: 0,0, Avg: 0,0, Max: 0,1, Diff: 0,1, Sum: 0,1]
      [Object Copy (ms): Min: 2,6, Avg: 9,4, Max: 17,9, Diff: 15,3, Sum: 74,9]
      [Termination (ms): Min: 0,0, Avg: 5,1, Max: 9,3, Diff: 9,3, Sum: 41,1]
         [Termination Attempts: Min: 1, Avg: 2,5, Max: 5, Diff: 4, Sum: 20]
      [GC Worker Other (ms): Min: 0,0, Avg: 0,0, Max: 0,0, Diff: 0,0, Sum: 0,1]
      [GC Worker Total (ms): Min: 8,3, Avg: 16,7, Max: 21,1, Diff: 12,8, Sum: 133,9]
      [GC Worker End (ms): Min: 2057677,4, Avg: 2057677,9, Max: 2057681,1, Diff: 3,7]
   [Code Root Fixup: 0,0 ms]
   [Code Root Purge: 0,0 ms]
   [Clear CT: 0,1 ms]
   [Other: 2,2 ms]
      [Choose CSet: 0,0 ms]
      [Ref Proc: 1,7 ms]
      [Ref Enq: 0,0 ms]
      [Redirty Cards: 0,1 ms]
      [Humongous Register: 0,1 ms]
      [Humongous Reclaim: 0,0 ms]
      [Free CSet: 0,0 ms]
   [Eden: 45056,0K(45056,0K)->0,0B(45056,0K) Survivors: 7168,0K->7168,0K Heap: 270,4M(1024,0M)->232,8M(1024,0M)]
 [Times: user=0,10 sys=0,00, real=0,03 secs] 
2020-04-18T15:07:49.327+0100: 2066,733: [GC pause (G1 Evacuation Pause) (young), 0,0264494 secs]
   [Parallel Time: 18,4 ms, GC Workers: 8]
      [GC Worker Start (ms): Min: 2066733,3, Avg: 2066739,6, Max: 2066748,8, Diff: 15,5]
      [Ext Root Scanning (ms): Min: 0,0, Avg: 0,6, Max: 2,2, Diff: 2,2, Sum: 4,4]
      [Update RS (ms): Min: 0,0, Avg: 0,8, Max: 2,7, Diff: 2,7, Sum: 6,6]
         [Processed Buffers: Min: 0, Avg: 5,0, Max: 16, Diff: 16, Sum: 40]
      [Scan RS (ms): Min: 0,0, Avg: 0,9, Max: 1,9, Diff: 1,9, Sum: 6,9]
      [Code Root Scanning (ms): Min: 0,0, Avg: 0,4, Max: 2,8, Diff: 2,8, Sum: 3,3]
      [Object Copy (ms): Min: 1,4, Avg: 8,1, Max: 10,7, Diff: 9,3, Sum: 64,9]
      [Termination (ms): Min: 0,0, Avg: 1,0, Max: 1,2, Diff: 1,2, Sum: 7,9]
         [Termination Attempts: Min: 1, Avg: 1,9, Max: 3, Diff: 2, Sum: 15]
      [GC Worker Other (ms): Min: 0,0, Avg: 0,0, Max: 0,0, Diff: 0,0, Sum: 0,1]
      [GC Worker Total (ms): Min: 2,5, Avg: 11,8, Max: 18,1, Diff: 15,6, Sum: 94,1]
      [GC Worker End (ms): Min: 2066751,3, Avg: 2066751,3, Max: 2066751,4, Diff: 0,1]
   [Code Root Fixup: 0,0 ms]
   [Code Root Purge: 0,0 ms]
   [Clear CT: 0,4 ms]
   [Other: 7,6 ms]
      [Choose CSet: 0,0 ms]
      [Ref Proc: 6,3 ms]
      [Ref Enq: 0,0 ms]
      [Redirty Cards: 0,6 ms]
      [Humongous Register: 0,1 ms]
      [Humongous Reclaim: 0,1 ms]
      [Free CSet: 0,1 ms]
   [Eden: 45056,0K(45056,0K)->0,0B(45056,0K) Survivors: 7168,0K->7168,0K Heap: 276,8M(1024,0M)->237,4M(1024,0M)]
 [Times: user=0,13 sys=0,00, real=0,03 secs] 
Heap
 garbage-first heap   total 1048576K, used 279997K [0x00000000c0000000, 0x00000000c0102000, 0x0000000100000000)
  region size 1024K, 44 young (45056K), 7 survivors (7168K)
 Metaspace       used 43198K, capacity 48573K, committed 48640K, reserved 1091584K
  class space    used 5605K, capacity 6133K, committed 6144K, reserved 1048576K
